Archive member included to satisfy reference by file (symbol)

c:/st/stm32cubeide_1.8.0/stm32cubeide/plugins/com.st.stm32cube.ide.mcu.externaltools.gnu-tools-for-stm32.9-2020-q2-update.win32_2.0.0.202105311346/tools/bin/../lib/gcc/arm-none-eabi/9.3.1/../../../../arm-none-eabi/lib/thumb/v7e-m+fp/hard\libc_nano.a(lib_a-errno.o)
                              ./Src/syscalls.o (__errno)
c:/st/stm32cubeide_1.8.0/stm32cubeide/plugins/com.st.stm32cube.ide.mcu.externaltools.gnu-tools-for-stm32.9-2020-q2-update.win32_2.0.0.202105311346/tools/bin/../lib/gcc/arm-none-eabi/9.3.1/../../../../arm-none-eabi/lib/thumb/v7e-m+fp/hard\libc_nano.a(lib_a-exit.o)
                              c:/st/stm32cubeide_1.8.0/stm32cubeide/plugins/com.st.stm32cube.ide.mcu.externaltools.gnu-tools-for-stm32.9-2020-q2-update.win32_2.0.0.202105311346/tools/bin/../lib/gcc/arm-none-eabi/9.3.1/../../../../arm-none-eabi/lib/thumb/v7e-m+fp/hard/crt0.o (exit)
c:/st/stm32cubeide_1.8.0/stm32cubeide/plugins/com.st.stm32cube.ide.mcu.externaltools.gnu-tools-for-stm32.9-2020-q2-update.win32_2.0.0.202105311346/tools/bin/../lib/gcc/arm-none-eabi/9.3.1/../../../../arm-none-eabi/lib/thumb/v7e-m+fp/hard\libc_nano.a(lib_a-impure.o)
                              c:/st/stm32cubeide_1.8.0/stm32cubeide/plugins/com.st.stm32cube.ide.mcu.externaltools.gnu-tools-for-stm32.9-2020-q2-update.win32_2.0.0.202105311346/tools/bin/../lib/gcc/arm-none-eabi/9.3.1/../../../../arm-none-eabi/lib/thumb/v7e-m+fp/hard\libc_nano.a(lib_a-exit.o) (_global_impure_ptr)
c:/st/stm32cubeide_1.8.0/stm32cubeide/plugins/com.st.stm32cube.ide.mcu.externaltools.gnu-tools-for-stm32.9-2020-q2-update.win32_2.0.0.202105311346/tools/bin/../lib/gcc/arm-none-eabi/9.3.1/../../../../arm-none-eabi/lib/thumb/v7e-m+fp/hard\libc_nano.a(lib_a-init.o)
                              c:/st/stm32cubeide_1.8.0/stm32cubeide/plugins/com.st.stm32cube.ide.mcu.externaltools.gnu-tools-for-stm32.9-2020-q2-update.win32_2.0.0.202105311346/tools/bin/../lib/gcc/arm-none-eabi/9.3.1/../../../../arm-none-eabi/lib/thumb/v7e-m+fp/hard/crt0.o (__libc_init_array)
c:/st/stm32cubeide_1.8.0/stm32cubeide/plugins/com.st.stm32cube.ide.mcu.externaltools.gnu-tools-for-stm32.9-2020-q2-update.win32_2.0.0.202105311346/tools/bin/../lib/gcc/arm-none-eabi/9.3.1/../../../../arm-none-eabi/lib/thumb/v7e-m+fp/hard\libc_nano.a(lib_a-memcpy-stub.o)
                              ./Src/timer.o (memcpy)
c:/st/stm32cubeide_1.8.0/stm32cubeide/plugins/com.st.stm32cube.ide.mcu.externaltools.gnu-tools-for-stm32.9-2020-q2-update.win32_2.0.0.202105311346/tools/bin/../lib/gcc/arm-none-eabi/9.3.1/../../../../arm-none-eabi/lib/thumb/v7e-m+fp/hard\libc_nano.a(lib_a-memset.o)
                              c:/st/stm32cubeide_1.8.0/stm32cubeide/plugins/com.st.stm32cube.ide.mcu.externaltools.gnu-tools-for-stm32.9-2020-q2-update.win32_2.0.0.202105311346/tools/bin/../lib/gcc/arm-none-eabi/9.3.1/../../../../arm-none-eabi/lib/thumb/v7e-m+fp/hard/crt0.o (memset)
c:/st/stm32cubeide_1.8.0/stm32cubeide/plugins/com.st.stm32cube.ide.mcu.externaltools.gnu-tools-for-stm32.9-2020-q2-update.win32_2.0.0.202105311346/tools/bin/../lib/gcc/arm-none-eabi/9.3.1/../../../../arm-none-eabi/lib/thumb/v7e-m+fp/hard\libc_nano.a(lib_a-printf.o)
                              ./Src/Vector.o (printf)
c:/st/stm32cubeide_1.8.0/stm32cubeide/plugins/com.st.stm32cube.ide.mcu.externaltools.gnu-tools-for-stm32.9-2020-q2-update.win32_2.0.0.202105311346/tools/bin/../lib/gcc/arm-none-eabi/9.3.1/../../../../arm-none-eabi/lib/thumb/v7e-m+fp/hard\libc_nano.a(lib_a-putchar.o)
                              ./Src/Vector.o (putchar)
c:/st/stm32cubeide_1.8.0/stm32cubeide/plugins/com.st.stm32cube.ide.mcu.externaltools.gnu-tools-for-stm32.9-2020-q2-update.win32_2.0.0.202105311346/tools/bin/../lib/gcc/arm-none-eabi/9.3.1/../../../../arm-none-eabi/lib/thumb/v7e-m+fp/hard\libc_nano.a(lib_a-setbuf.o)
                              ./Src/30010_io.o (setbuf)
c:/st/stm32cubeide_1.8.0/stm32cubeide/plugins/com.st.stm32cube.ide.mcu.externaltools.gnu-tools-for-stm32.9-2020-q2-update.win32_2.0.0.202105311346/tools/bin/../lib/gcc/arm-none-eabi/9.3.1/../../../../arm-none-eabi/lib/thumb/v7e-m+fp/hard\libc_nano.a(lib_a-setvbuf.o)
                              c:/st/stm32cubeide_1.8.0/stm32cubeide/plugins/com.st.stm32cube.ide.mcu.externaltools.gnu-tools-for-stm32.9-2020-q2-update.win32_2.0.0.202105311346/tools/bin/../lib/gcc/arm-none-eabi/9.3.1/../../../../arm-none-eabi/lib/thumb/v7e-m+fp/hard\libc_nano.a(lib_a-setbuf.o) (setvbuf)
c:/st/stm32cubeide_1.8.0/stm32cubeide/plugins/com.st.stm32cube.ide.mcu.externaltools.gnu-tools-for-stm32.9-2020-q2-update.win32_2.0.0.202105311346/tools/bin/../lib/gcc/arm-none-eabi/9.3.1/../../../../arm-none-eabi/lib/thumb/v7e-m+fp/hard\libc_nano.a(lib_a-strlen.o)
                              ./Src/LCD.o (strlen)
[...]
Memory Configuration

Name             Origin             Length             Attributes
RAM              0x0000000020000000 0x0000000000004000 xrw
ROM              0x0000000008000000 0x0000000000010000 xr
*default*        0x0000000000000000 0xffffffffffffffff

Linker script and memory map

LOAD c:/st/stm32cubeide_1.8.0/stm32cubeide/plugins/com.st.stm32cube.ide.mcu.externaltools.gnu-tools-for-stm32.9-2020-q2-update.win32_2.0.0.202105311346/tools/bin/../lib/gcc/arm-none-eabi/9.3.1/thumb/v7e-m+fp/hard/crti.o
LOAD c:/st/stm32cubeide_1.8.0/stm32cubeide/plugins/com.st.stm32cube.ide.mcu.externaltools.gnu-tools-for-stm32.9-2020-q2-update.win32_2.0.0.202105311346/tools/bin/../lib/gcc/arm-none-eabi/9.3.1/thumb/v7e-m+fp/hard/crtbegin.o
LOAD c:/st/stm32cubeide_1.8.0/stm32cubeide/plugins/com.st.stm32cube.ide.mcu.externaltools.gnu-tools-for-stm32.9-2020-q2-update.win32_2.0.0.202105311346/tools/bin/../lib/gcc/arm-none-eabi/9.3.1/../../../../arm-none-eabi/lib/thumb/v7e-m+fp/hard/crt0.o
LOAD ./SPL/src/stm32f30x_adc.o
LOAD ./SPL/src/stm32f30x_can.o
LOAD ./SPL/src/stm32f30x_comp.o
LOAD ./SPL/src/stm32f30x_crc.o
LOAD ./SPL/src/stm32f30x_dac.o
LOAD ./SPL/src/stm32f30x_dbgmcu.o
LOAD ./SPL/src/stm32f30x_dma.o
LOAD ./SPL/src/stm32f30x_exti.o
LOAD ./SPL/src/stm32f30x_flash.o
LOAD ./SPL/src/stm32f30x_gpio.o
LOAD ./SPL/src/stm32f30x_i2c.o
LOAD ./SPL/src/stm32f30x_iwdg.o
LOAD ./SPL/src/stm32f30x_misc.o
LOAD ./SPL/src/stm32f30x_opamp.o
LOAD ./SPL/src/stm32f30x_pwr.o
LOAD ./SPL/src/stm32f30x_rcc.o
LOAD ./SPL/src/stm32f30x_rtc.o
LOAD ./SPL/src/stm32f30x_spi.o
LOAD ./SPL/src/stm32f30x_syscfg.o
LOAD ./SPL/src/stm32f30x_tim.o
LOAD ./SPL/src/stm32f30x_usart.o
LOAD ./SPL/src/stm32f30x_wwdg.o
LOAD ./Src/30010_io.o
LOAD ./Src/Joystick.o
LOAD ./Src/LCD.o
LOAD ./Src/LED.o
LOAD ./Src/LUTsin.o
LOAD ./Src/Vector.o
LOAD ./Src/Window.o
LOAD ./Src/ansi.o
LOAD ./Src/asteroid.o
LOAD ./Src/buzzer.o
LOAD ./Src/charset.o
LOAD ./Src/main.o
LOAD ./Src/screen.o
LOAD ./Src/ship.o
LOAD ./Src/syscalls.o
LOAD ./Src/sysmem.o
LOAD ./Src/system_stm32f30x.o
LOAD ./Src/timer.o
LOAD ./Startup/startup_stm32f302r8tx.o
START GROUP
LOAD c:/st/stm32cubeide_1.8.0/stm32cubeide/plugins/com.st.stm32cube.ide.mcu.externaltools.gnu-tools-for-stm32.9-2020-q2-update.win32_2.0.0.202105311346/tools/bin/../lib/gcc/arm-none-eabi/9.3.1/../../../../arm-none-eabi/lib/thumb/v7e-m+fp/hard\libc_nano.a
LOAD c:/st/stm32cubeide_1.8.0/stm32cubeide/plugins/com.st.stm32cube.ide.mcu.externaltools.gnu-tools-for-stm32.9-2020-q2-update.win32_2.0.0.202105311346/tools/bin/../lib/gcc/arm-none-eabi/9.3.1/../../../../arm-none-eabi/lib/thumb/v7e-m+fp/hard\libm.a
END GROUP
START GROUP
LOAD c:/st/stm32cubeide_1.8.0/stm32cubeide/plugins/com.st.stm32cube.ide.mcu.externaltools.gnu-tools-for-stm32.9-2020-q2-update.win32_2.0.0.202105311346/tools/bin/../lib/gcc/arm-none-eabi/9.3.1/thumb/v7e-m+fp/hard\libgcc.a
LOAD c:/st/stm32cubeide_1.8.0/stm32cubeide/plugins/com.st.stm32cube.ide.mcu.externaltools.gnu-tools-for-stm32.9-2020-q2-update.win32_2.0.0.202105311346/tools/bin/../lib/gcc/arm-none-eabi/9.3.1/../../../../arm-none-eabi/lib/thumb/v7e-m+fp/hard\libc_nano.a
END GROUP
START GROUP
LOAD c:/st/stm32cubeide_1.8.0/stm32cubeide/plugins/com.st.stm32cube.ide.mcu.externaltools.gnu-tools-for-stm32.9-2020-q2-update.win32_2.0.0.202105311346/tools/bin/../lib/gcc/arm-none-eabi/9.3.1/thumb/v7e-m+fp/hard\libgcc.a
LOAD c:/st/stm32cubeide_1.8.0/stm32cubeide/plugins/com.st.stm32cube.ide.mcu.externaltools.gnu-tools-for-stm32.9-2020-q2-update.win32_2.0.0.202105311346/tools/bin/../lib/gcc/arm-none-eabi/9.3.1/../../../../arm-none-eabi/lib/thumb/v7e-m+fp/hard\libc_nano.a
LOAD c:/st/stm32cubeide_1.8.0/stm32cubeide/plugins/com.st.stm32cube.ide.mcu.externaltools.gnu-tools-for-stm32.9-2020-q2-update.win32_2.0.0.202105311346/tools/bin/../lib/gcc/arm-none-eabi/9.3.1/../../../../arm-none-eabi/lib/thumb/v7e-m+fp/hard\libnosys.a
END GROUP
START GROUP
LOAD c:/st/stm32cubeide_1.8.0/stm32cubeide/plugins/com.st.stm32cube.ide.mcu.externaltools.gnu-tools-for-stm32.9-2020-q2-update.win32_2.0.0.202105311346/tools/bin/../lib/gcc/arm-none-eabi/9.3.1/thumb/v7e-m+fp/hard\libgcc.a
LOAD c:/st/stm32cubeide_1.8.0/stm32cubeide/plugins/com.st.stm32cube.ide.mcu.externaltools.gnu-tools-for-stm32.9-2020-q2-update.win32_2.0.0.202105311346/tools/bin/../lib/gcc/arm-none-eabi/9.3.1/../../../../arm-none-eabi/lib/thumb/v7e-m+fp/hard\libc_nano.a
LOAD c:/st/stm32cubeide_1.8.0/stm32cubeide/plugins/com.st.stm32cube.ide.mcu.externaltools.gnu-tools-for-stm32.9-2020-q2-update.win32_2.0.0.202105311346/tools/bin/../lib/gcc/arm-none-eabi/9.3.1/../../../../arm-none-eabi/lib/thumb/v7e-m+fp/hard\libnosys.a
END GROUP
LOAD c:/st/stm32cubeide_1.8.0/stm32cubeide/plugins/com.st.stm32cube.ide.mcu.externaltools.gnu-tools-for-stm32.9-2020-q2-update.win32_2.0.0.202105311346/tools/bin/../lib/gcc/arm-none-eabi/9.3.1/thumb/v7e-m+fp/hard/crtend.o
LOAD c:/st/stm32cubeide_1.8.0/stm32cubeide/plugins/com.st.stm32cube.ide.mcu.externaltools.gnu-tools-for-stm32.9-2020-q2-update.win32_2.0.0.202105311346/tools/bin/../lib/gcc/arm-none-eabi/9.3.1/thumb/v7e-m+fp/hard/crtn.o
                0x0000000020004000                _estack = (ORIGIN (RAM) + LENGTH (RAM))
                0x0000000000000200                _Min_Heap_Size = 0x200
                0x0000000000000400                _Min_Stack_Size = 0x400

.isr_vector     0x0000000008000000      0x188
                0x0000000008000000                . = ALIGN (0x4)
 *(.isr_vector)
 .isr_vector    0x0000000008000000      0x188 ./Startup/startup_stm32f302r8tx.o
                0x0000000008000000                g_pfnVectors
                0x0000000008000188                . = ALIGN (0x4)

.text           0x0000000008000190     0x38ac
                0x0000000008000190                . = ALIGN (0x4)
 *(.text)
 .text          0x0000000008000190       0x40 c:/st/stm32cubeide_1.8.0/stm32cubeide/plugins/com.st.stm32cube.ide.mcu.externaltools.gnu-tools-for-stm32.9-2020-q2-update.win32_2.0.0.202105311346/tools/bin/../lib/gcc/arm-none-eabi/9.3.1/thumb/v7e-m+fp/hard/crtbegin.o
 .text          0x00000000080001d0       0xa0 c:/st/stm32cubeide_1.8.0/stm32cubeide/plugins/com.st.stm32cube.ide.mcu.externaltools.gnu-tools-for-stm32.9-2020-q2-update.win32_2.0.0.202105311346/tools/bin/../lib/gcc/arm-none-eabi/9.3.1/../../../../arm-none-eabi/lib/thumb/v7e-m+fp/hard\libc_nano.a(lib_a-memchr.o)
                0x00000000080001d0                memchr
 .text          0x0000000008000270      0x378 c:/st/stm32cubeide_1.8.0/stm32cubeide/plugins/com.st.stm32cube.ide.mcu.externaltools.gnu-tools-for-stm32.9-2020-q2-update.win32_2.0.0.202105311346/tools/bin/../lib/gcc/arm-none-eabi/9.3.1/thumb/v7e-m+fp/hard\libgcc.a(_arm_addsubdf3.o)
                0x0000000008000270                __aeabi_drsub
                0x0000000008000278                __aeabi_dsub
                0x0000000008000278                __subdf3
                0x000000000800027c                __aeabi_dadd
                0x000000000800027c                __adddf3
                0x00000000080004f4                __floatunsidf
                0x00000000080004f4                __aeabi_ui2d
                0x0000000008000514                __floatsidf
                0x0000000008000514                __aeabi_i2d
                0x0000000008000538                __aeabi_f2d
                0x0000000008000538                __extendsfdf2
                0x000000000800057c                __floatundidf
                0x000000000800057c                __aeabi_ul2d
                0x000000000800058c                __floatdidf
                0x000000000800058c                __aeabi_l2d
 .text          0x00000000080005e8      0x424 c:/st/stm32cubeide_1.8.0/stm32cubeide/plugins/com.st.stm32cube.ide.mcu.externaltools.gnu-tools-for-stm32.9-2020-q2-update.win32_2.0.0.202105311346/tools/bin/../lib/gcc/arm-none-eabi/9.3.1/thumb/v7e-m+fp/hard\libgcc.a(_arm_muldivdf3.o)
                0x00000000080005e8                __aeabi_dmul
                0x00000000080005e8                __muldf3
                0x000000000800083c                __divdf3
                0x000000000800083c                __aeabi_ddiv
 .text          0x0000000008000a0c       0x40 c:/st/stm32cubeide_1.8.0/stm32cubeide/plugins/com.st.stm32cube.ide.mcu.externaltools.gnu-tools-for-stm32.9-2020-q2-update.win32_2.0.0.202105311346/tools/bin/../lib/gcc/arm-none-eabi/9.3.1/thumb/v7e-m+fp/hard\libgcc.a(_arm_fixunsdfsi.o)
                0x0000000008000a0c                __aeabi_d2uiz
                0x0000000008000a0c                __fixunsdfsi
 *(.text*)
 .text.GPIO_PinAFConfig
                0x0000000008000a4c       0x92 ./SPL/src/stm32f30x_gpio.o
                0x0000000008000a4c                GPIO_PinAFConfig
 *fill*         0x0000000008000ade        0x2 
 .text.RCC_GetClocksFreq
                0x0000000008000ae0      0x428 ./SPL/src/stm32f30x_rcc.o
                0x0000000008000ae0                RCC_GetClocksFreq
 .text.USART_SendData
                0x0000000008000f08       0x24 ./SPL/src/stm32f30x_usart.o
                0x0000000008000f08                USART_SendData
 .text.USART_ITConfig
                0x0000000008000f2c       0x84 ./SPL/src/stm32f30x_usart.o
                0x0000000008000f2c                USART_ITConfig
 .text.USART_GetFlagStatus
                0x0000000008000fb0       0x32 ./SPL/src/stm32f30x_usart.o
                0x0000000008000fb0                USART_GetFlagStatus
 .text.USART_GetITStatus
                0x0000000008000fe2       0xa0 ./SPL/src/stm32f30x_usart.o
                0x0000000008000fe2                USART_GetITStatus
 *fill*         0x0000000008001082        0x2 
 .text.NVIC_EnableIRQ
                0x0000000008001084       0x34 ./Src/30010_io.o
 .text.uart_put_char
                0x00000000080010b8       0x34 ./Src/30010_io.o
                0x00000000080010b8                uart_put_char
 .text._write_r
                0x00000000080010ec       0x4c ./Src/30010_io.o
                0x00000000080010ec                _write_r
 .text.USART2_IRQHandler
                0x0000000008001138       0x74 ./Src/30010_io.o
                0x0000000008001138                USART2_IRQHandler
 .text.uart_clear
                0x00000000080011ac       0x2c ./Src/30010_io.o
                0x00000000080011ac                uart_clear
 .text.uart_init
                0x00000000080011d8      0x234 ./Src/30010_io.o
                0x00000000080011d8                uart_init
 .text.intiJoystick
                0x000000000800140c      0x12c ./Src/Joystick.o
                0x000000000800140c                intiJoystick
 .text.readJoystick
                0x0000000008001538       0xb8 ./Src/Joystick.o
                0x0000000008001538                readJoystick
 .text.initLed  0x00000000080015f0      0x134 ./Src/LED.o
                0x00000000080015f0                initLed
 .text.writeLed
                0x0000000008001724       0xa0 ./Src/LED.o
                0x0000000008001724                writeLed
 .text.windowSmp
                0x00000000080017c4       0xd8 ./Src/Window.o
                0x00000000080017c4                windowSmp
 .text.fgcolor  0x000000000800189c       0x38 ./Src/ansi.o
                0x000000000800189c                fgcolor
 .text.bgcolor  0x00000000080018d4       0x24 ./Src/ansi.o
                0x00000000080018d4                bgcolor
 .text.resetbgcolor
                0x00000000080018f8       0x14 ./Src/ansi.o
                0x00000000080018f8                resetbgcolor
 .text.clrscr   0x000000000800190c       0x34 ./Src/ansi.o
                0x000000000800190c                clrscr
 .text.gotoxy   0x0000000008001940       0x24 ./Src/ansi.o
                0x0000000008001940                gotoxy
 .text.bold     0x0000000008001964       0x30 ./Src/ansi.o
                0x0000000008001964                bold
 .text.NVIC_EnableIRQ
                0x0000000008001994       0x34 ./Src/buzzer.o
 .text.NVIC_SetPriority
                0x00000000080019c8       0x54 ./Src/buzzer.o
 .text.initTimer2
                0x0000000008001a1c       0xdc ./Src/buzzer.o
                0x0000000008001a1c                initTimer2
 .text.TIM2_IRQHandler
                0x0000000008001af8       0x1e ./Src/buzzer.o
                0x0000000008001af8                TIM2_IRQHandler
 *fill*         0x0000000008001b16        0x2 
 .text.initBuzz
                0x0000000008001b18       0x60 ./Src/buzzer.o
                0x0000000008001b18                initBuzz
 .text.setFreq  0x0000000008001b78       0x90 ./Src/buzzer.o
                0x0000000008001b78                setFreq
 .text.main     0x0000000008001c08       0x6c ./Src/main.o
                0x0000000008001c08                main
 .text.helpScreen
                0x0000000008001c74      0x28c ./Src/screen.o
                0x0000000008001c74                helpScreen
 .text.spaceship
                0x0000000008001f00      0x260 ./Src/ship.o
                0x0000000008001f00                spaceship
 .text.playerInSpaceR
                0x0000000008002160      0x158 ./Src/ship.o
                0x0000000008002160                playerInSpaceR
 .text.playerInShipL
                0x00000000080022b8      0x122 ./Src/ship.o
                0x00000000080022b8                playerInShipL
 .text._read    0x00000000080023da       0x3a ./Src/syscalls.o
                0x00000000080023da                _read
 .text._close   0x0000000008002414       0x18 ./Src/syscalls.o
                0x0000000008002414                _close
 .text._fstat   0x000000000800242c       0x20 ./Src/syscalls.o
                0x000000000800242c                _fstat
 .text._isatty  0x000000000800244c       0x16 ./Src/syscalls.o
                0x000000000800244c                _isatty
 .text._lseek   0x0000000008002462       0x1a ./Src/syscalls.o
                0x0000000008002462                _lseek
 .text._sbrk    0x000000000800247c       0x58 ./Src/sysmem.o
                0x000000000800247c                _sbrk
 .text.SystemInit
                0x00000000080024d4       0x94 ./Src/system_stm32f30x.o
                0x00000000080024d4                SystemInit
 .text.SetSysClock
                0x0000000008002568       0x94 ./Src/system_stm32f30x.o
 .text.NVIC_EnableIRQ
                0x00000000080025fc       0x34 ./Src/timer.o
 .text.NVIC_SetPriority
                0x0000000008002630       0x54 ./Src/timer.o
 .text.initTimer
                0x0000000008002684       0x50 ./Src/timer.o
                0x0000000008002684                initTimer
 .text.TIM1_BRK_TIM15_IRQHandler
                0x00000000080026d4      0x10c ./Src/timer.o
                0x00000000080026d4                TIM1_BRK_TIM15_IRQHandler
 .text.resetTime
                0x00000000080027e0       0x54 ./Src/timer.o
                0x00000000080027e0                resetTime
 .text.timeControll
                0x0000000008002834       0x48 ./Src/timer.o
                0x0000000008002834                timeControll
 .text.Reset_Handler
                0x000000000800287c       0x50 ./Startup/startup_stm32f302r8tx.o
                0x000000000800287c                Reset_Handler
 .text.Default_Handler
                0x00000000080028cc        0x2 ./Startup/startup_stm32f302r8tx.o
                0x00000000080028cc                TIM8_TRG_COM_IRQHandler
                0x00000000080028cc                TIM8_CC_IRQHandler
                0x00000000080028cc                DebugMon_Handler
                0x00000000080028cc                DMA1_CH4_IRQHandler
                0x00000000080028cc                TIM1_CC_IRQHandler
                0x00000000080028cc                HardFault_Handler
                0x00000000080028cc                USB_HP_IRQHandler
                0x00000000080028cc                I2C2_EV_EXTI24_IRQHandler
                0x00000000080028cc                SysTick_Handler
                0x00000000080028cc                USB_WKUP_EXTI_IRQHandler
                0x00000000080028cc                PVD_IRQHandler
                0x00000000080028cc                UART4_EXTI34_IRQHandler
                0x00000000080028cc                TAMP_STAMP_IRQHandler
                0x00000000080028cc                PendSV_Handler
                0x00000000080028cc                NMI_Handler
                0x00000000080028cc                EXTI3_IRQHandler
                0x00000000080028cc                TIM6_DACUNDER_IRQHandler
                0x00000000080028cc                USB_HP_CAN_TX_IRQHandler
                0x00000000080028cc                EXTI0_IRQHandler
                0x00000000080028cc                DMA2_CH1_IRQHandler
                0x00000000080028cc                FPU_IRQHandler
                0x00000000080028cc                TIM1_UP_TIM16_IRQHandler
                0x00000000080028cc                UsageFault_Handler
                0x00000000080028cc                ADC1_2_IRQHandler
                0x00000000080028cc                SPI1_IRQHandler
                0x00000000080028cc                CAN_SCE_IRQHandler
                0x00000000080028cc                DMA1_CH7_IRQHandler
                0x00000000080028cc                TIM8_UP_IRQHandler
                0x00000000080028cc                DMA1_CH6_IRQHandler
                0x00000000080028cc                ADC3_IRQHandler
                0x00000000080028cc                TIM4_IRQHandler
                0x00000000080028cc                CAN_RX1_IRQHandler
                0x00000000080028cc                USART1_EXTI25_IRQHandler
                0x00000000080028cc                DMA2_CH5_IRQHandler
                0x00000000080028cc                I2C1_EV_EXTI23_IRQHandler
                0x00000000080028cc                DMA1_CH3_IRQHandler
                0x00000000080028cc                TIM3_IRQHandler
                0x00000000080028cc                RCC_IRQHandler
                0x00000000080028cc                Default_Handler
                0x00000000080028cc                EXTI15_10_IRQHandler
                0x00000000080028cc                USART2_EXTI26_IRQHandler
                0x00000000080028cc                USART3_EXTI28_IRQHandler
                0x00000000080028cc                TIM7_IRQHandler
                0x00000000080028cc                EXTI9_5_IRQHandler
                0x00000000080028cc                DMA1_CH2_IRQHandler
                0x00000000080028cc                RTC_WKUP_IRQHandler
                0x00000000080028cc                SPI2_IRQHandler
                0x00000000080028cc                DMA1_CH1_IRQHandler
                0x00000000080028cc                USB_LP_CAN_RX0_IRQHandler
                0x00000000080028cc                MemManage_Handler
                0x00000000080028cc                SVC_Handler
                0x00000000080028cc                USB_LP_IRQHandler
                0x00000000080028cc                EXTI4_IRQHandler
                0x00000000080028cc                TIM1_TRG_COM_TIM17_IRQHandler
                0x00000000080028cc                ADC4_IRQHandler
                0x00000000080028cc                WWDG_IRQHandler
                0x00000000080028cc                EXTI1_IRQHandler
                0x00000000080028cc                RTCAlarm_IRQHandler
                0x00000000080028cc                UART5_EXTI35_IRQHandler
                0x00000000080028cc                I2C2_ER_IRQHandler
                0x00000000080028cc                TIM8_BRK_IRQHandler
                0x00000000080028cc                FLASH_IRQHandler
                0x00000000080028cc                BusFault_Handler
                0x00000000080028cc                SPI3_IRQHandler
                0x00000000080028cc                DMA2_CH3_IRQHandler
                0x00000000080028cc                DMA2_CH2_IRQHandler
                0x00000000080028cc                I2C1_ER_IRQHandler
                0x00000000080028cc                FMC_IRQHandler
                0x00000000080028cc                DMA1_CH5_IRQHandler
                0x00000000080028cc                DMA2_CH4_IRQHandler
                0x00000000080028cc                USB_WKUP_IRQHandler
                0x00000000080028cc                EXTI2_TSC_IRQHandler
 *fill*         0x00000000080028ce        0x2 
 .text.__errno  0x00000000080028d0        0xc c:/st/stm32cubeide_1.8.0/stm32cubeide/plugins/com.st.stm32cube.ide.mcu.externaltools.gnu-tools-for-stm32.9-2020-q2-update.win32_2.0.0.202105311346/tools/bin/../lib/gcc/arm-none-eabi/9.3.1/../../../../arm-none-eabi/lib/thumb/v7e-m+fp/hard\libc_nano.a(lib_a-errno.o)
                0x00000000080028d0                __errno
 .text.__libc_init_array
                0x00000000080028dc       0x48 c:/st/stm32cubeide_1.8.0/stm32cubeide/plugins/com.st.stm32cube.ide.mcu.externaltools.gnu-tools-for-stm32.9-2020-q2-update.win32_2.0.0.202105311346/tools/bin/../lib/gcc/arm-none-eabi/9.3.1/../../../../arm-none-eabi/lib/thumb/v7e-m+fp/hard\libc_nano.a(lib_a-init.o)
                0x00000000080028dc                __libc_init_array
 .text.memset   0x0000000008002924       0x10 c:/st/stm32cubeide_1.8.0/stm32cubeide/plugins/com.st.stm32cube.ide.mcu.externaltools.gnu-tools-for-stm32.9-2020-q2-update.win32_2.0.0.202105311346/tools/bin/../lib/gcc/arm-none-eabi/9.3.1/../../../../arm-none-eabi/lib/thumb/v7e-m+fp/hard\libc_nano.a(lib_a-memset.o)
                0x0000000008002924                memset
 .text.printf   0x0000000008002934       0x30 c:/st/stm32cubeide_1.8.0/stm32cubeide/plugins/com.st.stm32cube.ide.mcu.externaltools.gnu-tools-for-stm32.9-2020-q2-update.win32_2.0.0.202105311346/tools/bin/../lib/gcc/arm-none-eabi/9.3.1/../../../../arm-none-eabi/lib/thumb/v7e-m+fp/hard\libc_nano.a(lib_a-printf.o)
                0x0000000008002934                iprintf
                0x0000000008002934                printf
 .text.putchar  0x0000000008002964       0x2c c:/st/stm32cubeide_1.8.0/stm32cubeide/plugins/com.st.stm32cube.ide.mcu.externaltools.gnu-tools-for-stm32.9-2020-q2-update.win32_2.0.0.202105311346/tools/bin/../lib/gcc/arm-none-eabi/9.3.1/../../../../arm-none-eabi/lib/thumb/v7e-m+fp/hard\libc_nano.a(lib_a-putchar.o)
                0x0000000008002964                putchar
 .text.setbuf   0x0000000008002990       0x10 c:/st/stm32cubeide_1.8.0/stm32cubeide/plugins/com.st.stm32cube.ide.mcu.externaltools.gnu-tools-for-stm32.9-2020-q2-update.win32_2.0.0.202105311346/tools/bin/../lib/gcc/arm-none-eabi/9.3.1/../../../../arm-none-eabi/lib/thumb/v7e-m+fp/hard\libc_nano.a(lib_a-setbuf.o)
                0x0000000008002990                setbuf
 .text.setvbuf  0x00000000080029a0      0x18c c:/st/stm32cubeide_1.8.0/stm32cubeide/plugins/com.st.stm32cube.ide.mcu.externaltools.gnu-tools-for-stm32.9-2020-q2-update.win32_2.0.0.202105311346/tools/bin/../lib/gcc/arm-none-eabi/9.3.1/../../../../arm-none-eabi/lib/thumb/v7e-m+fp/hard\libc_nano.a(lib_a-setvbuf.o)
                0x00000000080029a0                setvbuf
 .text.__sflush_r
                0x0000000008002b2c      0x10c c:/st/stm32cubeide_1.8.0/stm32cubeide/plugins/com.st.stm32cube.ide.mcu.externaltools.gnu-tools-for-stm32.9-2020-q2-update.win32_2.0.0.202105311346/tools/bin/../lib/gcc/arm-none-eabi/9.3.1/../../../../arm-none-eabi/lib/thumb/v7e-m+fp/hard\libc_nano.a(lib_a-fflush.o)
                0x0000000008002b2c                __sflush_r
 .text._fflush_r
                0x0000000008002c38       0x78 c:/st/stm32cubeide_1.8.0/stm32cubeide/plugins/com.st.stm32cube.ide.mcu.externaltools.gnu-tools-for-stm32.9-2020-q2-update.win32_2.0.0.202105311346/tools/bin/../lib/gcc/arm-none-eabi/9.3.1/../../../../arm-none-eabi/lib/thumb/v7e-m+fp/hard\libc_nano.a(lib_a-fflush.o)
                0x0000000008002c38                _fflush_r
 .text.std      0x0000000008002cb0       0x48 c:/st/stm32cubeide_1.8.0/stm32cubeide/plugins/com.st.stm32cube.ide.mcu.externaltools.gnu-tools-for-stm32.9-2020-q2-update.win32_2.0.0.202105311346/tools/bin/../lib/gcc/arm-none-eabi/9.3.1/../../../../arm-none-eabi/lib/thumb/v7e-m+fp/hard\libc_nano.a(lib_a-findfp.o)
 .text._cleanup_r
                0x0000000008002cf8        0xc c:/st/stm32cubeide_1.8.0/stm32cubeide/plugins/com.st.stm32cube.ide.mcu.externaltools.gnu-tools-for-stm32.9-2020-q2-update.win32_2.0.0.202105311346/tools/bin/../lib/gcc/arm-none-eabi/9.3.1/../../../../arm-none-eabi/lib/thumb/v7e-m+fp/hard\libc_nano.a(lib_a-findfp.o)
                0x0000000008002cf8                _cleanup_r
 .text.__sfmoreglue
                0x0000000008002d04       0x2c c:/st/stm32cubeide_1.8.0/stm32cubeide/plugins/com.st.stm32cube.ide.mcu.externaltools.gnu-tools-for-stm32.9-2020-q2-update.win32_2.0.0.202105311346/tools/bin/../lib/gcc/arm-none-eabi/9.3.1/../../../../arm-none-eabi/lib/thumb/v7e-m+fp/hard\libc_nano.a(lib_a-findfp.o)
                0x0000000008002d04                __sfmoreglue
 .text.__sfp_lock_acquire
                0x0000000008002d30        0xc c:/st/stm32cubeide_1.8.0/stm32cubeide/plugins/com.st.stm32cube.ide.mcu.externaltools.gnu-tools-for-stm32.9-2020-q2-update.win32_2.0.0.202105311346/tools/bin/../lib/gcc/arm-none-eabi/9.3.1/../../../../arm-none-eabi/lib/thumb/v7e-m+fp/hard\libc_nano.a(lib_a-findfp.o)
                0x0000000008002d30                __sfp_lock_acquire
 .text.__sfp_lock_release
                0x0000000008002d3c        0xc c:/st/stm32cubeide_1.8.0/stm32cubeide/plugins/com.st.stm32cube.ide.mcu.externaltools.gnu-tools-for-stm32.9-2020-q2-update.win32_2.0.0.202105311346/tools/bin/../lib/gcc/arm-none-eabi/9.3.1/../../../../arm-none-eabi/lib/thumb/v7e-m+fp/hard\libc_nano.a(lib_a-findfp.o)
                0x0000000008002d3c                __sfp_lock_release
 .text.__sinit_lock_acquire
                0x0000000008002d48        0xc c:/st/stm32cubeide_1.8.0/stm32cubeide/plugins/com.st.stm32cube.ide.mcu.externaltools.gnu-tools-for-stm32.9-2020-q2-update.win32_2.0.0.202105311346/tools/bin/../lib/gcc/arm-none-eabi/9.3.1/../../../../arm-none-eabi/lib/thumb/v7e-m+fp/hard\libc_nano.a(lib_a-findfp.o)
                0x0000000008002d48                __sinit_lock_acquire
 .text.__sinit_lock_release
                0x0000000008002d54        0xc c:/st/stm32cubeide_1.8.0/stm32cubeide/plugins/com.st.stm32cube.ide.mcu.externaltools.gnu-tools-for-stm32.9-2020-q2-update.win32_2.0.0.202105311346/tools/bin/../lib/gcc/arm-none-eabi/9.3.1/../../../../arm-none-eabi/lib/thumb/v7e-m+fp/hard\libc_nano.a(lib_a-findfp.o)
                0x0000000008002d54                __sinit_lock_release
 .text.__sinit  0x0000000008002d60       0x70 c:/st/stm32cubeide_1.8.0/stm32cubeide/plugins/com.st.stm32cube.ide.mcu.externaltools.gnu-tools-for-stm32.9-2020-q2-update.win32_2.0.0.202105311346/tools/bin/../lib/gcc/arm-none-eabi/9.3.1/../../../../arm-none-eabi/lib/thumb/v7e-m+fp/hard\libc_nano.a(lib_a-findfp.o)
                0x0000000008002d60                __sinit
 .text.__sfp    0x0000000008002dd0       0x8c c:/st/stm32cubeide_1.8.0/stm32cubeide/plugins/com.st.stm32cube.ide.mcu.externaltools.gnu-tools-for-stm32.9-2020-q2-update.win32_2.0.0.202105311346/tools/bin/../lib/gcc/arm-none-eabi/9.3.1/../../../../arm-none-eabi/lib/thumb/v7e-m+fp/hard\libc_nano.a(lib_a-findfp.o)
                0x0000000008002dd0                __sfp
 .text._fwalk_reent
                0x0000000008002e5c       0x3e c:/st/stm32cubeide_1.8.0/stm32cubeide/plugins/com.st.stm32cube.ide.mcu.externaltools.gnu-tools-for-stm32.9-2020-q2-update.win32_2.0.0.202105311346/tools/bin/../lib/gcc/arm-none-eabi/9.3.1/../../../../arm-none-eabi/lib/thumb/v7e-m+fp/hard\libc_nano.a(lib_a-fwalk.o)
                0x0000000008002e5c                _fwalk_reent
 .text.__retarget_lock_init_recursive
                0x0000000008002e9a        0x2 c:/st/stm32cubeide_1.8.0/stm32cubeide/plugins/com.st.stm32cube.ide.mcu.externaltools.gnu-tools-for-stm32.9-2020-q2-update.win32_2.0.0.202105311346/tools/bin/../lib/gcc/arm-none-eabi/9.3.1/../../../../arm-none-eabi/lib/thumb/v7e-m+fp/hard\libc_nano.a(lib_a-lock.o)
                0x0000000008002e9a                __retarget_lock_init_recursive
 .text.__retarget_lock_acquire_recursive
                0x0000000008002e9c        0x2 c:/st/stm32cubeide_1.8.0/stm32cubeide/plugins/com.st.stm32cube.ide.mcu.externaltools.gnu-tools-for-stm32.9-2020-q2-update.win32_2.0.0.202105311346/tools/bin/../lib/gcc/arm-none-eabi/9.3.1/../../../../arm-none-eabi/lib/thumb/v7e-m+fp/hard\libc_nano.a(lib_a-lock.o)
                0x0000000008002e9c                __retarget_lock_acquire_recursive
 .text.__retarget_lock_release_recursive
                0x0000000008002e9e        0x2 c:/st/stm32cubeide_1.8.0/stm32cubeide/plugins/com.st.stm32cube.ide.mcu.externaltools.gnu-tools-for-stm32.9-2020-q2-update.win32_2.0.0.202105311346/tools/bin/../lib/gcc/arm-none-eabi/9.3.1/../../../../arm-none-eabi/lib/thumb/v7e-m+fp/hard\libc_nano.a(lib_a-lock.o)
                0x0000000008002e9e                __retarget_lock_release_recursive
 .text.__swhatbuf_r
                0x0000000008002ea0       0x48 c:/st/stm32cubeide_1.8.0/stm32cubeide/plugins/com.st.stm32cube.ide.mcu.externaltools.gnu-tools-for-stm32.9-2020-q2-update.win32_2.0.0.202105311346/tools/bin/../lib/gcc/arm-none-eabi/9.3.1/../../../../arm-none-eabi/lib/thumb/v7e-m+fp/hard\libc_nano.a(lib_a-makebuf.o)
                0x0000000008002ea0                __swhatbuf_r
 .text.__smakebuf_r
                0x0000000008002ee8       0x80 c:/st/stm32cubeide_1.8.0/stm32cubeide/plugins/com.st.stm32cube.ide.mcu.externaltools.gnu-tools-for-stm32.9-2020-q2-update.win32_2.0.0.202105311346/tools/bin/../lib/gcc/arm-none-eabi/9.3.1/../../../../arm-none-eabi/lib/thumb/v7e-m+fp/hard\libc_nano.a(lib_a-makebuf.o)
                0x0000000008002ee8                __smakebuf_r
 .text.malloc   0x0000000008002f68       0x10 c:/st/stm32cubeide_1.8.0/stm32cubeide/plugins/com.st.stm32cube.ide.mcu.externaltools.gnu-tools-for-stm32.9-2020-q2-update.win32_2.0.0.202105311346/tools/bin/../lib/gcc/arm-none-eabi/9.3.1/../../../../arm-none-eabi/lib/thumb/v7e-m+fp/hard\libc_nano.a(lib_a-malloc.o)
                0x0000000008002f68                malloc
 .text._free_r  0x0000000008002f78       0xa0 c:/st/stm32cubeide_1.8.0/stm32cubeide/plugins/com.st.stm32cube.ide.mcu.externaltools.gnu-tools-for-stm32.9-2020-q2-update.win32_2.0.0.202105311346/tools/bin/../lib/gcc/arm-none-eabi/9.3.1/../../../../arm-none-eabi/lib/thumb/v7e-m+fp/hard\libc_nano.a(lib_a-nano-freer.o)
                0x0000000008002f78                _free_r
 .text._malloc_r
                0x0000000008003018       0xb4 c:/st/stm32cubeide_1.8.0/stm32cubeide/plugins/com.st.stm32cube.ide.mcu.externaltools.gnu-tools-for-stm32.9-2020-q2-update.win32_2.0.0.202105311346/tools/bin/../lib/gcc/arm-none-eabi/9.3.1/../../../../arm-none-eabi/lib/thumb/v7e-m+fp/hard\libc_nano.a(lib_a-nano-mallocr.o)
                0x0000000008003018                _malloc_r
 .text.__sfputc_r
                0x00000000080030cc       0x2e c:/st/stm32cubeide_1.8.0/stm32cubeide/plugins/com.st.stm32cube.ide.mcu.externaltools.gnu-tools-for-stm32.9-2020-q2-update.win32_2.0.0.202105311346/tools/bin/../lib/gcc/arm-none-eabi/9.3.1/../../../../arm-none-eabi/lib/thumb/v7e-m+fp/hard\libc_nano.a(lib_a-nano-vfprintf.o)
 .text.__sfputs_r
                0x00000000080030fa       0x24 c:/st/stm32cubeide_1.8.0/stm32cubeide/plugins/com.st.stm32cube.ide.mcu.externaltools.gnu-tools-for-stm32.9-2020-q2-update.win32_2.0.0.202105311346/tools/bin/../lib/gcc/arm-none-eabi/9.3.1/../../../../arm-none-eabi/lib/thumb/v7e-m+fp/hard\libc_nano.a(lib_a-nano-vfprintf.o)
                0x00000000080030fa                __sfputs_r
 *fill*         0x000000000800311e        0x2 
 .text._vfprintf_r
                0x0000000008003120      0x260 c:/st/stm32cubeide_1.8.0/stm32cubeide/plugins/com.st.stm32cube.ide.mcu.externaltools.gnu-tools-for-stm32.9-2020-q2-update.win32_2.0.0.202105311346/tools/bin/../lib/gcc/arm-none-eabi/9.3.1/../../../../arm-none-eabi/lib/thumb/v7e-m+fp/hard\libc_nano.a(lib_a-nano-vfprintf.o)
                0x0000000008003120                _vfprintf_r
                0x0000000008003120                _vfiprintf_r
 .text._printf_common
                0x0000000008003380       0xda c:/st/stm32cubeide_1.8.0/stm32cubeide/plugins/com.st.stm32cube.ide.mcu.externaltools.gnu-tools-for-stm32.9-2020-q2-update.win32_2.0.0.202105311346/tools/bin/../lib/gcc/arm-none-eabi/9.3.1/../../../../arm-none-eabi/lib/thumb/v7e-m+fp/hard\libc_nano.a(lib_a-nano-vfprintf_i.o)
                0x0000000008003380                _printf_common
 *fill*         0x000000000800345a        0x2 
 .text._printf_i
                0x000000000800345c      0x24c c:/st/stm32cubeide_1.8.0/stm32cubeide/plugins/com.st.stm32cube.ide.mcu.externaltools.gnu-tools-for-stm32.9-2020-q2-update.win32_2.0.0.202105311346/tools/bin/../lib/gcc/arm-none-eabi/9.3.1/../../../../arm-none-eabi/lib/thumb/v7e-m+fp/hard\libc_nano.a(lib_a-nano-vfprintf_i.o)
                0x000000000800345c                _printf_i
 .text._putc_r  0x00000000080036a8       0x90 c:/st/stm32cubeide_1.8.0/stm32cubeide/plugins/com.st.stm32cube.ide.mcu.externaltools.gnu-tools-for-stm32.9-2020-q2-update.win32_2.0.0.202105311346/tools/bin/../lib/gcc/arm-none-eabi/9.3.1/../../../../arm-none-eabi/lib/thumb/v7e-m+fp/hard\libc_nano.a(lib_a-putc.o)
                0x00000000080036a8                _putc_r
 .text._sbrk_r  0x0000000008003738       0x20 c:/st/stm32cubeide_1.8.0/stm32cubeide/plugins/com.st.stm32cube.ide.mcu.externaltools.gnu-tools-for-stm32.9-2020-q2-update.win32_2.0.0.202105311346/tools/bin/../lib/gcc/arm-none-eabi/9.3.1/../../../../arm-none-eabi/lib/thumb/v7e-m+fp/hard\libc_nano.a(lib_a-sbrkr.o)
                0x0000000008003738                _sbrk_r
 .text.__sread  0x0000000008003758       0x22 c:/st/stm32cubeide_1.8.0/stm32cubeide/plugins/com.st.stm32cube.ide.mcu.externaltools.gnu-tools-for-stm32.9-2020-q2-update.win32_2.0.0.202105311346/tools/bin/../lib/gcc/arm-none-eabi/9.3.1/../../../../arm-none-eabi/lib/thumb/v7e-m+fp/hard\libc_nano.a(lib_a-stdio.o)
                0x0000000008003758                __sread
 .text.__swrite
                0x000000000800377a       0x38 c:/st/stm32cubeide_1.8.0/stm32cubeide/plugins/com.st.stm32cube.ide.mcu.externaltools.gnu-tools-for-stm32.9-2020-q2-update.win32_2.0.0.202105311346/tools/bin/../lib/gcc/arm-none-eabi/9.3.1/../../../../arm-none-eabi/lib/thumb/v7e-m+fp/hard\libc_nano.a(lib_a-stdio.o)
                0x000000000800377a                __swrite
 .text.__sseek  0x00000000080037b2       0x24 c:/st/stm32cubeide_1.8.0/stm32cubeide/plugins/com.st.stm32cube.ide.mcu.externaltools.gnu-tools-for-stm32.9-2020-q2-update.win32_2.0.0.202105311346/tools/bin/../lib/gcc/arm-none-eabi/9.3.1/../../../../arm-none-eabi/lib/thumb/v7e-m+fp/hard\libc_nano.a(lib_a-stdio.o)
                0x00000000080037b2                __sseek
 .text.__sclose
                0x00000000080037d6        0x8 c:/st/stm32cubeide_1.8.0/stm32cubeide/plugins/com.st.stm32cube.ide.mcu.externaltools.gnu-tools-for-stm32.9-2020-q2-update.win32_2.0.0.202105311346/tools/bin/../lib/gcc/arm-none-eabi/9.3.1/../../../../arm-none-eabi/lib/thumb/v7e-m+fp/hard\libc_nano.a(lib_a-stdio.o)
                0x00000000080037d6                __sclose
 *fill*         0x00000000080037de        0x2 
 .text.__swbuf_r
                0x00000000080037e0       0xa4 c:/st/stm32cubeide_1.8.0/stm32cubeide/plugins/com.st.stm32cube.ide.mcu.externaltools.gnu-tools-for-stm32.9-2020-q2-update.win32_2.0.0.202105311346/tools/bin/../lib/gcc/arm-none-eabi/9.3.1/../../../../arm-none-eabi/lib/thumb/v7e-m+fp/hard\libc_nano.a(lib_a-wbuf.o)
                0x00000000080037e0                __swbuf_r
 .text.__swsetup_r
                0x0000000008003884       0xdc c:/st/stm32cubeide_1.8.0/stm32cubeide/plugins/com.st.stm32cube.ide.mcu.externaltools.gnu-tools-for-stm32.9-2020-q2-update.win32_2.0.0.202105311346/tools/bin/../lib/gcc/arm-none-eabi/9.3.1/../../../../arm-none-eabi/lib/thumb/v7e-m+fp/hard\libc_nano.a(lib_a-wsetup.o)
                0x0000000008003884                __swsetup_r
 .text._close_r
                0x0000000008003960       0x20 c:/st/stm32cubeide_1.8.0/stm32cubeide/plugins/com.st.stm32cube.ide.mcu.externaltools.gnu-tools-for-stm32.9-2020-q2-update.win32_2.0.0.202105311346/tools/bin/../lib/gcc/arm-none-eabi/9.3.1/../../../../arm-none-eabi/lib/thumb/v7e-m+fp/hard\libc_nano.a(lib_a-closer.o)
                0x0000000008003960                _close_r
 .text._fstat_r
                0x0000000008003980       0x24 c:/st/stm32cubeide_1.8.0/stm32cubeide/plugins/com.st.stm32cube.ide.mcu.externaltools.gnu-tools-for-stm32.9-2020-q2-update.win32_2.0.0.202105311346/tools/bin/../lib/gcc/arm-none-eabi/9.3.1/../../../../arm-none-eabi/lib/thumb/v7e-m+fp/hard\libc_nano.a(lib_a-fstatr.o)
                0x0000000008003980                _fstat_r
 .text._isatty_r
                0x00000000080039a4       0x20 c:/st/stm32cubeide_1.8.0/stm32cubeide/plugins/com.st.stm32cube.ide.mcu.externaltools.gnu-tools-for-stm32.9-2020-q2-update.win32_2.0.0.202105311346/tools/bin/../lib/gcc/arm-none-eabi/9.3.1/../../../../arm-none-eabi/lib/thumb/v7e-m+fp/hard\libc_nano.a(lib_a-isattyr.o)
                0x00000000080039a4                _isatty_r
 .text._lseek_r
                0x00000000080039c4       0x24 c:/st/stm32cubeide_1.8.0/stm32cubeide/plugins/com.st.stm32cube.ide.mcu.externaltools.gnu-tools-for-stm32.9-2020-q2-update.win32_2.0.0.202105311346/tools/bin/../lib/gcc/arm-none-eabi/9.3.1/../../../../arm-none-eabi/lib/thumb/v7e-m+fp/hard\libc_nano.a(lib_a-lseekr.o)
                0x00000000080039c4                _lseek_r
 .text.__malloc_lock
                0x00000000080039e8        0xc c:/st/stm32cubeide_1.8.0/stm32cubeide/plugins/com.st.stm32cube.ide.mcu.externaltools.gnu-tools-for-stm32.9-2020-q2-update.win32_2.0.0.202105311346/tools/bin/../lib/gcc/arm-none-eabi/9.3.1/../../../../arm-none-eabi/lib/thumb/v7e-m+fp/hard\libc_nano.a(lib_a-mlock.o)
                0x00000000080039e8                __malloc_lock
 .text.__malloc_unlock
                0x00000000080039f4        0xc c:/st/stm32cubeide_1.8.0/stm32cubeide/plugins/com.st.stm32cube.ide.mcu.externaltools.gnu-tools-for-stm32.9-2020-q2-update.win32_2.0.0.202105311346/tools/bin/../lib/gcc/arm-none-eabi/9.3.1/../../../../arm-none-eabi/lib/thumb/v7e-m+fp/hard\libc_nano.a(lib_a-mlock.o)
                0x00000000080039f4                __malloc_unlock
 .text._read_r  0x0000000008003a00       0x24 c:/st/stm32cubeide_1.8.0/stm32cubeide/plugins/com.st.stm32cube.ide.mcu.externaltools.gnu-tools-for-stm32.9-2020-q2-update.win32_2.0.0.202105311346/tools/bin/../lib/gcc/arm-none-eabi/9.3.1/../../../../arm-none-eabi/lib/thumb/v7e-m+fp/hard\libc_nano.a(lib_a-readr.o)
                0x0000000008003a00                _read_r
 *(.glue_7)
 .glue_7        0x0000000008003a24        0x0 linker stubs
 *(.glue_7t)
 .glue_7t       0x0000000008003a24        0x0 linker stubs
 *(.eh_frame)
 .eh_frame      0x0000000008003a24        0x0 c:/st/stm32cubeide_1.8.0/stm32cubeide/plugins/com.st.stm32cube.ide.mcu.externaltools.gnu-tools-for-stm32.9-2020-q2-update.win32_2.0.0.202105311346/tools/bin/../lib/gcc/arm-none-eabi/9.3.1/thumb/v7e-m+fp/hard/crtbegin.o
 *(.init)
 .init          0x0000000008003a24        0x4 c:/st/stm32cubeide_1.8.0/stm32cubeide/plugins/com.st.stm32cube.ide.mcu.externaltools.gnu-tools-for-stm32.9-2020-q2-update.win32_2.0.0.202105311346/tools/bin/../lib/gcc/arm-none-eabi/9.3.1/thumb/v7e-m+fp/hard/crti.o
                0x0000000008003a24                _init
 .init          0x0000000008003a28        0x8 c:/st/stm32cubeide_1.8.0/stm32cubeide/plugins/com.st.stm32cube.ide.mcu.externaltools.gnu-tools-for-stm32.9-2020-q2-update.win32_2.0.0.202105311346/tools/bin/../lib/gcc/arm-none-eabi/9.3.1/thumb/v7e-m+fp/hard/crtn.o
 *(.fini)
 .fini          0x0000000008003a30        0x4 c:/st/stm32cubeide_1.8.0/stm32cubeide/plugins/com.st.stm32cube.ide.mcu.externaltools.gnu-tools-for-stm32.9-2020-q2-update.win32_2.0.0.202105311346/tools/bin/../lib/gcc/arm-none-eabi/9.3.1/thumb/v7e-m+fp/hard/crti.o
                0x0000000008003a30                _fini
 .fini          0x0000000008003a34        0x8 c:/st/stm32cubeide_1.8.0/stm32cubeide/plugins/com.st.stm32cube.ide.mcu.externaltools.gnu-tools-for-stm32.9-2020-q2-update.win32_2.0.0.202105311346/tools/bin/../lib/gcc/arm-none-eabi/9.3.1/thumb/v7e-m+fp/hard/crtn.o
                0x0000000008003a3c                . = ALIGN (0x4)
                0x0000000008003a3c                _etext = .

.vfp11_veneer   0x0000000008003a3c        0x0
 .vfp11_veneer  0x0000000008003a3c        0x0 linker stubs

.v4_bx          0x0000000008003a3c        0x0
 .v4_bx         0x0000000008003a3c        0x0 linker stubs

.iplt           0x0000000008003a3c        0x0
 .iplt          0x0000000008003a3c        0x0 c:/st/stm32cubeide_1.8.0/stm32cubeide/plugins/com.st.stm32cube.ide.mcu.externaltools.gnu-tools-for-stm32.9-2020-q2-update.win32_2.0.0.202105311346/tools/bin/../lib/gcc/arm-none-eabi/9.3.1/thumb/v7e-m+fp/hard/crtbegin.o

.rodata         0x0000000008003a3c      0x24c
                0x0000000008003a3c                . = ALIGN (0x4)
 *(.rodata)
 .rodata        0x0000000008003a3c       0x1c ./Src/Window.o
 .rodata        0x0000000008003a58       0x4a ./Src/ansi.o
 *fill*         0x0000000008003aa2        0x2 
 .rodata        0x0000000008003aa4      0x127 ./Src/screen.o
 *fill*         0x0000000008003bcb        0x1 
 .rodata        0x0000000008003bcc       0x22 ./Src/ship.o
 *(.rodata*)
 *fill*         0x0000000008003bee        0x2 
 .rodata._global_impure_ptr
                0x0000000008003bf0        0x4 c:/st/stm32cubeide_1.8.0/stm32cubeide/plugins/com.st.stm32cube.ide.mcu.externaltools.gnu-tools-for-stm32.9-2020-q2-update.win32_2.0.0.202105311346/tools/bin/../lib/gcc/arm-none-eabi/9.3.1/../../../../arm-none-eabi/lib/thumb/v7e-m+fp/hard\libc_nano.a(lib_a-impure.o)
                0x0000000008003bf0                _global_impure_ptr
 .rodata.__sf_fake_stderr
                0x0000000008003bf4       0x20 c:/st/stm32cubeide_1.8.0/stm32cubeide/plugins/com.st.stm32cube.ide.mcu.externaltools.gnu-tools-for-stm32.9-2020-q2-update.win32_2.0.0.202105311346/tools/bin/../lib/gcc/arm-none-eabi/9.3.1/../../../../arm-none-eabi/lib/thumb/v7e-m+fp/hard\libc_nano.a(lib_a-findfp.o)
                0x0000000008003bf4                __sf_fake_stderr
 .rodata.__sf_fake_stdin
                0x0000000008003c14       0x20 c:/st/stm32cubeide_1.8.0/stm32cubeide/plugins/com.st.stm32cube.ide.mcu.externaltools.gnu-tools-for-stm32.9-2020-q2-update.win32_2.0.0.202105311346/tools/bin/../lib/gcc/arm-none-eabi/9.3.1/../../../../arm-none-eabi/lib/thumb/v7e-m+fp/hard\libc_nano.a(lib_a-findfp.o)
                0x0000000008003c14                __sf_fake_stdin
 .rodata.__sf_fake_stdout
                0x0000000008003c34       0x20 c:/st/stm32cubeide_1.8.0/stm32cubeide/plugins/com.st.stm32cube.ide.mcu.externaltools.gnu-tools-for-stm32.9-2020-q2-update.win32_2.0.0.202105311346/tools/bin/../lib/gcc/arm-none-eabi/9.3.1/../../../../arm-none-eabi/lib/thumb/v7e-m+fp/hard\libc_nano.a(lib_a-findfp.o)
                0x0000000008003c34                __sf_fake_stdout
 .rodata._vfprintf_r.str1.1
                0x0000000008003c54       0x11 c:/st/stm32cubeide_1.8.0/stm32cubeide/plugins/com.st.stm32cube.ide.mcu.externaltools.gnu-tools-for-stm32.9-2020-q2-update.win32_2.0.0.202105311346/tools/bin/../lib/gcc/arm-none-eabi/9.3.1/../../../../arm-none-eabi/lib/thumb/v7e-m+fp/hard\libc_nano.a(lib_a-nano-vfprintf.o)
 .rodata._printf_i.str1.1
                0x0000000008003c65       0x22 c:/st/stm32cubeide_1.8.0/stm32cubeide/plugins/com.st.stm32cube.ide.mcu.externaltools.gnu-tools-for-stm32.9-2020-q2-update.win32_2.0.0.202105311346/tools/bin/../lib/gcc/arm-none-eabi/9.3.1/../../../../arm-none-eabi/lib/thumb/v7e-m+fp/hard\libc_nano.a(lib_a-nano-vfprintf_i.o)
                0x0000000008003c88                . = ALIGN (0x4)
 *fill*         0x0000000008003c87        0x1 

.rel.dyn        0x0000000008003c88        0x0
 .rel.iplt      0x0000000008003c88        0x0 c:/st/stm32cubeide_1.8.0/stm32cubeide/plugins/com.st.stm32cube.ide.mcu.externaltools.gnu-tools-for-stm32.9-2020-q2-update.win32_2.0.0.202105311346/tools/bin/../lib/gcc/arm-none-eabi/9.3.1/thumb/v7e-m+fp/hard/crtbegin.o

.ARM.extab      0x0000000008003c88        0x0
                0x0000000008003c88                . = ALIGN (0x4)
 *(.ARM.extab* .gnu.linkonce.armextab.*)
                0x0000000008003c88                . = ALIGN (0x4)

.ARM            0x0000000008003c88        0x0
                0x0000000008003c88                . = ALIGN (0x4)
                0x0000000008003c88                __exidx_start = .
 *(.ARM.exidx*)
                0x0000000008003c88                __exidx_end = .
                0x0000000008003c88                . = ALIGN (0x4)

.preinit_array  0x0000000008003c88        0x0
                0x0000000008003c88                . = ALIGN (0x4)
                0x0000000008003c88                PROVIDE (__preinit_array_start = .)
 *(.preinit_array*)
                0x0000000008003c88                PROVIDE (__preinit_array_end = .)
                0x0000000008003c88                . = ALIGN (0x4)

.init_array     0x0000000008003c88        0x4
                0x0000000008003c88                . = ALIGN (0x4)
                0x0000000008003c88                PROVIDE (__init_array_start = .)
 *(SORT_BY_NAME(.init_array.*))
 *(.init_array*)
 .init_array    0x0000000008003c88        0x4 c:/st/stm32cubeide_1.8.0/stm32cubeide/plugins/com.st.stm32cube.ide.mcu.externaltools.gnu-tools-for-stm32.9-2020-q2-update.win32_2.0.0.202105311346/tools/bin/../lib/gcc/arm-none-eabi/9.3.1/thumb/v7e-m+fp/hard/crtbegin.o
                0x0000000008003c8c                PROVIDE (__init_array_end = .)
                0x0000000008003c8c                . = ALIGN (0x4)

.fini_array     0x0000000008003c8c        0x4
                0x0000000008003c8c                . = ALIGN (0x4)
                [!provide]                        PROVIDE (__fini_array_start = .)
 *(SORT_BY_NAME(.fini_array.*))
 *(.fini_array*)
 .fini_array    0x0000000008003c8c        0x4 c:/st/stm32cubeide_1.8.0/stm32cubeide/plugins/com.st.stm32cube.ide.mcu.externaltools.gnu-tools-for-stm32.9-2020-q2-update.win32_2.0.0.202105311346/tools/bin/../lib/gcc/arm-none-eabi/9.3.1/thumb/v7e-m+fp/hard/crtbegin.o
                [!provide]                        PROVIDE (__fini_array_end = .)
                0x0000000008003c90                . = ALIGN (0x4)
                0x0000000008003c90                _sidata = LOADADDR (.data)

.data           0x0000000020000000       0x90 load address 0x0000000008003c90
                0x0000000020000000                . = ALIGN (0x4)
                0x0000000020000000                _sdata = .
 *(.data)
 *(.data*)
 .data.APBAHBPrescTable
                0x0000000020000000       0x10 ./SPL/src/stm32f30x_rcc.o
 .data.ADCPrescTable
                0x0000000020000010       0x1a ./SPL/src/stm32f30x_rcc.o
 *fill*         0x000000002000002a        0x2 
 .data._impure_ptr
                0x000000002000002c        0x4 c:/st/stm32cubeide_1.8.0/stm32cubeide/plugins/com.st.stm32cube.ide.mcu.externaltools.gnu-tools-for-stm32.9-2020-q2-update.win32_2.0.0.202105311346/tools/bin/../lib/gcc/arm-none-eabi/9.3.1/../../../../arm-none-eabi/lib/thumb/v7e-m+fp/hard\libc_nano.a(lib_a-impure.o)
                0x000000002000002c                _impure_ptr
 .data.impure_data
                0x0000000020000030       0x60 c:/st/stm32cubeide_1.8.0/stm32cubeide/plugins/com.st.stm32cube.ide.mcu.externaltools.gnu-tools-for-stm32.9-2020-q2-update.win32_2.0.0.202105311346/tools/bin/../lib/gcc/arm-none-eabi/9.3.1/../../../../arm-none-eabi/lib/thumb/v7e-m+fp/hard\libc_nano.a(lib_a-impure.o)
                0x0000000020000090                . = ALIGN (0x4)
                0x0000000020000090                _edata = .

.igot.plt       0x0000000020000090        0x0 load address 0x0000000008003d20
 .igot.plt      0x0000000020000090        0x0 c:/st/stm32cubeide_1.8.0/stm32cubeide/plugins/com.st.stm32cube.ide.mcu.externaltools.gnu-tools-for-stm32.9-2020-q2-update.win32_2.0.0.202105311346/tools/bin/../lib/gcc/arm-none-eabi/9.3.1/thumb/v7e-m+fp/hard/crtbegin.o
                0x0000000020000090                . = ALIGN (0x4)

.bss            0x0000000020000090      0x19c load address 0x0000000008003d20
                0x0000000020000090                _sbss = .
                0x0000000020000090                __bss_start__ = _sbss
 *(.bss)
 .bss           0x0000000020000090       0x1c c:/st/stm32cubeide_1.8.0/stm32cubeide/plugins/com.st.stm32cube.ide.mcu.externaltools.gnu-tools-for-stm32.9-2020-q2-update.win32_2.0.0.202105311346/tools/bin/../lib/gcc/arm-none-eabi/9.3.1/thumb/v7e-m+fp/hard/crtbegin.o
 *(.bss*)
 .bss.UART_BUFFER
                0x00000000200000ac      0x100 ./Src/30010_io.o
                0x00000000200000ac                UART_BUFFER
 .bss.UART_END_IDX
                0x00000000200001ac        0x1 ./Src/30010_io.o
                0x00000000200001ac                UART_END_IDX
 .bss.UART_START_IDX
                0x00000000200001ad        0x1 ./Src/30010_io.o
                0x00000000200001ad                UART_START_IDX
 .bss.UART_COUNT
                0x00000000200001ae        0x1 ./Src/30010_io.o
                0x00000000200001ae                UART_COUNT
 *fill*         0x00000000200001af        0x1 
 .bss.heap_end.6585
                0x00000000200001b0        0x4 ./Src/sysmem.o
 .bss.__malloc_free_list
                0x00000000200001b4        0x4 c:/st/stm32cubeide_1.8.0/stm32cubeide/plugins/com.st.stm32cube.ide.mcu.externaltools.gnu-tools-for-stm32.9-2020-q2-update.win32_2.0.0.202105311346/tools/bin/../lib/gcc/arm-none-eabi/9.3.1/../../../../arm-none-eabi/lib/thumb/v7e-m+fp/hard\libc_nano.a(lib_a-nano-mallocr.o)
                0x00000000200001b4                __malloc_free_list
 .bss.__malloc_sbrk_start
                0x00000000200001b8        0x4 c:/st/stm32cubeide_1.8.0/stm32cubeide/plugins/com.st.stm32cube.ide.mcu.externaltools.gnu-tools-for-stm32.9-2020-q2-update.win32_2.0.0.202105311346/tools/bin/../lib/gcc/arm-none-eabi/9.3.1/../../../../arm-none-eabi/lib/thumb/v7e-m+fp/hard\libc_nano.a(lib_a-nano-mallocr.o)
                0x00000000200001b8                __malloc_sbrk_start
 *(COMMON)
 COMMON         0x00000000200001bc       0x29 ./Src/Joystick.o
                0x00000000200001bc                buzzTone
                0x00000000200001c0                placeLCD
                0x00000000200001c4                led
                0x00000000200001d0                lcdUpdate
                0x00000000200001d4                key
                0x00000000200001dc                refreshRate
                0x00000000200001e0                joy
 *fill*         0x00000000200001e5        0x3 
 COMMON         0x00000000200001e8       0x34 ./Src/asteroid.o
                0x00000000200001e8                t
                0x00000000200001f0                ast1
                0x00000000200001f8                ship
                0x0000000020000200                bllt
                0x0000000020000208                force
                0x0000000020000209                timeState
                0x000000002000020c                ast2
                0x0000000020000214                ast3
 COMMON         0x000000002000021c        0x9 c:/st/stm32cubeide_1.8.0/stm32cubeide/plugins/com.st.stm32cube.ide.mcu.externaltools.gnu-tools-for-stm32.9-2020-q2-update.win32_2.0.0.202105311346/tools/bin/../lib/gcc/arm-none-eabi/9.3.1/../../../../arm-none-eabi/lib/thumb/v7e-m+fp/hard\libc_nano.a(lib_a-lock.o)
                0x000000002000021c                __lock___atexit_recursive_mutex
                0x000000002000021d                __lock___arc4random_mutex
                0x000000002000021e                __lock___env_recursive_mutex
                0x000000002000021f                __lock___sinit_recursive_mutex
                0x0000000020000220                __lock___malloc_recursive_mutex
                0x0000000020000221                __lock___at_quick_exit_mutex
                0x0000000020000222                __lock___dd_hash_mutex
                0x0000000020000223                __lock___tz_mutex
                0x0000000020000224                __lock___sfp_recursive_mutex
 *fill*         0x0000000020000225        0x3 
 COMMON         0x0000000020000228        0x4 c:/st/stm32cubeide_1.8.0/stm32cubeide/plugins/com.st.stm32cube.ide.mcu.externaltools.gnu-tools-for-stm32.9-2020-q2-update.win32_2.0.0.202105311346/tools/bin/../lib/gcc/arm-none-eabi/9.3.1/../../../../arm-none-eabi/lib/thumb/v7e-m+fp/hard\libc_nano.a(lib_a-reent.o)
                0x0000000020000228                errno
                0x000000002000022c                . = ALIGN (0x4)
                0x000000002000022c                _ebss = .
                0x000000002000022c                __bss_end__ = _ebss

._user_heap_stack
                0x000000002000022c      0x604 load address 0x0000000008003d20
                0x0000000020000230                . = ALIGN (0x8)
 *fill*         0x000000002000022c        0x4 
                0x0000000020000230                PROVIDE (end = .)
                [!provide]                        PROVIDE (_end = .)
                0x0000000020000430                . = (. + _Min_Heap_Size)
 *fill*         0x0000000020000230      0x200 
                0x0000000020000830                . = (. + _Min_Stack_Size)
 *fill*         0x0000000020000430      0x400 
                0x0000000020000830                . = ALIGN (0x8)

/DISCARD/
 libc.a(*)
 libm.a(*)
 libgcc.a(*)

.ARM.attributes
                0x0000000000000000       0x30
 *(.ARM.attributes)
 .ARM.attributes
                0x0000000000000000       0x1e c:/st/stm32cubeide_1.8.0/stm32cubeide/plugins/com.st.stm32cube.ide.mcu.externaltools.gnu-tools-for-stm32.9-2020-q2-update.win32_2.0.0.202105311346/tools/bin/../lib/gcc/arm-none-eabi/9.3.1/thumb/v7e-m+fp/hard/crti.o
 .ARM.attributes
                0x000000000000001e       0x34 c:/st/stm32cubeide_1.8.0/stm32cubeide/plugins/com.st.stm32cube.ide.mcu.externaltools.gnu-tools-for-stm32.9-2020-q2-update.win32_2.0.0.202105311346/tools/bin/../lib/gcc/arm-none-eabi/9.3.1/thumb/v7e-m+fp/hard/crtbegin.o
 .ARM.attributes
                0x0000000000000052       0x34 ./SPL/src/stm32f30x_gpio.o
 .ARM.attributes
                0x0000000000000086       0x34 ./SPL/src/stm32f30x_rcc.o
 .ARM.attributes
                0x00000000000000ba       0x34 ./SPL/src/stm32f30x_usart.o
 .ARM.attributes
                0x00000000000000ee       0x34 ./Src/30010_io.o
 .ARM.attributes
                0x0000000000000122       0x34 ./Src/Joystick.o
 .ARM.attributes
                0x0000000000000156       0x34 ./Src/LED.o
 .ARM.attributes
                0x000000000000018a       0x34 ./Src/Window.o
 .ARM.attributes
                0x00000000000001be       0x34 ./Src/ansi.o
 .ARM.attributes
                0x00000000000001f2       0x34 ./Src/asteroid.o
 .ARM.attributes
                0x0000000000000226       0x34 ./Src/buzzer.o
 .ARM.attributes
                0x000000000000025a       0x34 ./Src/main.o
 .ARM.attributes
                0x000000000000028e       0x34 ./Src/screen.o
 .ARM.attributes
                0x00000000000002c2       0x34 ./Src/ship.o
 .ARM.attributes
                0x00000000000002f6       0x34 ./Src/syscalls.o
 .ARM.attributes
                0x000000000000032a       0x34 ./Src/sysmem.o
 .ARM.attributes
                0x000000000000035e       0x34 ./Src/system_stm32f30x.o
 .ARM.attributes
                0x0000000000000392       0x34 ./Src/timer.o
 .ARM.attributes
                0x00000000000003c6       0x21 ./Startup/startup_stm32f302r8tx.o
 .ARM.attributes
                0x00000000000003e7       0x34 c:/st/stm32cubeide_1.8.0/stm32cubeide/plugins/com.st.stm32cube.ide.mcu.externaltools.gnu-tools-for-stm32.9-2020-q2-update.win32_2.0.0.202105311346/tools/bin/../lib/gcc/arm-none-eabi/9.3.1/../../../../arm-none-eabi/lib/thumb/v7e-m+fp/hard\libc_nano.a(lib_a-errno.o)
 .ARM.attributes
                0x000000000000041b       0x32 c:/st/stm32cubeide_1.8.0/stm32cubeide/plugins/com.st.stm32cube.ide.mcu.externaltools.gnu-tools-for-stm32.9-2020-q2-update.win32_2.0.0.202105311346/tools/bin/../lib/gcc/arm-none-eabi/9.3.1/../../../../arm-none-eabi/lib/thumb/v7e-m+fp/hard\libc_nano.a(lib_a-impure.o)
 .ARM.attributes
                0x000000000000044d       0x34 c:/st/stm32cubeide_1.8.0/stm32cubeide/plugins/com.st.stm32cube.ide.mcu.externaltools.gnu-tools-for-stm32.9-2020-q2-update.win32_2.0.0.202105311346/tools/bin/../lib/gcc/arm-none-eabi/9.3.1/../../../../arm-none-eabi/lib/thumb/v7e-m+fp/hard\libc_nano.a(lib_a-init.o)
 .ARM.attributes
                0x0000000000000481       0x34 c:/st/stm32cubeide_1.8.0/stm32cubeide/plugins/com.st.stm32cube.ide.mcu.externaltools.gnu-tools-for-stm32.9-2020-q2-update.win32_2.0.0.202105311346/tools/bin/../lib/gcc/arm-none-eabi/9.3.1/../../../../arm-none-eabi/lib/thumb/v7e-m+fp/hard\libc_nano.a(lib_a-memset.o)
 .ARM.attributes
                0x00000000000004b5       0x34 c:/st/stm32cubeide_1.8.0/stm32cubeide/plugins/com.st.stm32cube.ide.mcu.externaltools.gnu-tools-for-stm32.9-2020-q2-update.win32_2.0.0.202105311346/tools/bin/../lib/gcc/arm-none-eabi/9.3.1/../../../../arm-none-eabi/lib/thumb/v7e-m+fp/hard\libc_nano.a(lib_a-printf.o)
 .ARM.attributes
                0x00000000000004e9       0x34 c:/st/stm32cubeide_1.8.0/stm32cubeide/plugins/com.st.stm32cube.ide.mcu.externaltools.gnu-tools-for-stm32.9-2020-q2-update.win32_2.0.0.202105311346/tools/bin/../lib/gcc/arm-none-eabi/9.3.1/../../../../arm-none-eabi/lib/thumb/v7e-m+fp/hard\libc_nano.a(lib_a-putchar.o)
 .ARM.attributes
                0x000000000000051d       0x34 c:/st/stm32cubeide_1.8.0/stm32cubeide/plugins/com.st.stm32cube.ide.mcu.externaltools.gnu-tools-for-stm32.9-2020-q2-update.win32_2.0.0.202105311346/tools/bin/../lib/gcc/arm-none-eabi/9.3.1/../../../../arm-none-eabi/lib/thumb/v7e-m+fp/hard\libc_nano.a(lib_a-setbuf.o)
 .ARM.attributes
                0x0000000000000551       0x34 c:/st/stm32cubeide_1.8.0/stm32cubeide/plugins/com.st.stm32cube.ide.mcu.externaltools.gnu-tools-for-stm32.9-2020-q2-update.win32_2.0.0.202105311346/tools/bin/../lib/gcc/arm-none-eabi/9.3.1/../../../../arm-none-eabi/lib/thumb/v7e-m+fp/hard\libc_nano.a(lib_a-setvbuf.o)
 .ARM.attributes
                0x0000000000000585       0x34 c:/st/stm32cubeide_1.8.0/stm32cubeide/plugins/com.st.stm32cube.ide.mcu.externaltools.gnu-tools-for-stm32.9-2020-q2-update.win32_2.0.0.202105311346/tools/bin/../lib/gcc/arm-none-eabi/9.3.1/../../../../arm-none-eabi/lib/thumb/v7e-m+fp/hard\libc_nano.a(lib_a-fflush.o)
 .ARM.attributes
                0x00000000000005b9       0x34 c:/st/stm32cubeide_1.8.0/stm32cubeide/plugins/com.st.stm32cube.ide.mcu.externaltools.gnu-tools-for-stm32.9-2020-q2-update.win32_2.0.0.202105311346/tools/bin/../lib/gcc/arm-none-eabi/9.3.1/../../../../arm-none-eabi/lib/thumb/v7e-m+fp/hard\libc_nano.a(lib_a-findfp.o)
 .ARM.attributes
                0x00000000000005ed       0x34 c:/st/stm32cubeide_1.8.0/stm32cubeide/plugins/com.st.stm32cube.ide.mcu.externaltools.gnu-tools-for-stm32.9-2020-q2-update.win32_2.0.0.202105311346/tools/bin/../lib/gcc/arm-none-eabi/9.3.1/../../../../arm-none-eabi/lib/thumb/v7e-m+fp/hard\libc_nano.a(lib_a-fwalk.o)
 .ARM.attributes
                0x0000000000000621       0x34 c:/st/stm32cubeide_1.8.0/stm32cubeide/plugins/com.st.stm32cube.ide.mcu.externaltools.gnu-tools-for-stm32.9-2020-q2-update.win32_2.0.0.202105311346/tools/bin/../lib/gcc/arm-none-eabi/9.3.1/../../../../arm-none-eabi/lib/thumb/v7e-m+fp/hard\libc_nano.a(lib_a-lock.o)
 .ARM.attributes
                0x0000000000000655       0x34 c:/st/stm32cubeide_1.8.0/stm32cubeide/plugins/com.st.stm32cube.ide.mcu.externaltools.gnu-tools-for-stm32.9-2020-q2-update.win32_2.0.0.202105311346/tools/bin/../lib/gcc/arm-none-eabi/9.3.1/../../../../arm-none-eabi/lib/thumb/v7e-m+fp/hard\libc_nano.a(lib_a-makebuf.o)
 .ARM.attributes
                0x0000000000000689       0x34 c:/st/stm32cubeide_1.8.0/stm32cubeide/plugins/com.st.stm32cube.ide.mcu.externaltools.gnu-tools-for-stm32.9-2020-q2-update.win32_2.0.0.202105311346/tools/bin/../lib/gcc/arm-none-eabi/9.3.1/../../../../arm-none-eabi/lib/thumb/v7e-m+fp/hard\libc_nano.a(lib_a-malloc.o)
 .ARM.attributes
                0x00000000000006bd       0x34 c:/st/stm32cubeide_1.8.0/stm32cubeide/plugins/com.st.stm32cube.ide.mcu.externaltools.gnu-tools-for-stm32.9-2020-q2-update.win32_2.0.0.202105311346/tools/bin/../lib/gcc/arm-none-eabi/9.3.1/../../../../arm-none-eabi/lib/thumb/v7e-m+fp/hard\libc_nano.a(lib_a-nano-freer.o)
 .ARM.attributes
                0x00000000000006f1       0x34 c:/st/stm32cubeide_1.8.0/stm32cubeide/plugins/com.st.stm32cube.ide.mcu.externaltools.gnu-tools-for-stm32.9-2020-q2-update.win32_2.0.0.202105311346/tools/bin/../lib/gcc/arm-none-eabi/9.3.1/../../../../arm-none-eabi/lib/thumb/v7e-m+fp/hard\libc_nano.a(lib_a-nano-mallocr.o)
 .ARM.attributes
                0x0000000000000725       0x34 c:/st/stm32cubeide_1.8.0/stm32cubeide/plugins/com.st.stm32cube.ide.mcu.externaltools.gnu-tools-for-stm32.9-2020-q2-update.win32_2.0.0.202105311346/tools/bin/../lib/gcc/arm-none-eabi/9.3.1/../../../../arm-none-eabi/lib/thumb/v7e-m+fp/hard\libc_nano.a(lib_a-nano-vfprintf.o)
 .ARM.attributes
                0x0000000000000759       0x34 c:/st/stm32cubeide_1.8.0/stm32cubeide/plugins/com.st.stm32cube.ide.mcu.externaltools.gnu-tools-for-stm32.9-2020-q2-update.win32_2.0.0.202105311346/tools/bin/../lib/gcc/arm-none-eabi/9.3.1/../../../../arm-none-eabi/lib/thumb/v7e-m+fp/hard\libc_nano.a(lib_a-nano-vfprintf_i.o)
 .ARM.attributes
                0x000000000000078d       0x34 c:/st/stm32cubeide_1.8.0/stm32cubeide/plugins/com.st.stm32cube.ide.mcu.externaltools.gnu-tools-for-stm32.9-2020-q2-update.win32_2.0.0.202105311346/tools/bin/../lib/gcc/arm-none-eabi/9.3.1/../../../../arm-none-eabi/lib/thumb/v7e-m+fp/hard\libc_nano.a(lib_a-putc.o)
 .ARM.attributes
                0x00000000000007c1       0x34 c:/st/stm32cubeide_1.8.0/stm32cubeide/plugins/com.st.stm32cube.ide.mcu.externaltools.gnu-tools-for-stm32.9-2020-q2-update.win32_2.0.0.202105311346/tools/bin/../lib/gcc/arm-none-eabi/9.3.1/../../../../arm-none-eabi/lib/thumb/v7e-m+fp/hard\libc_nano.a(lib_a-sbrkr.o)
 .ARM.attributes
                0x00000000000007f5       0x34 c:/st/stm32cubeide_1.8.0/stm32cubeide/plugins/com.st.stm32cube.ide.mcu.externaltools.gnu-tools-for-stm32.9-2020-q2-update.win32_2.0.0.202105311346/tools/bin/../lib/gcc/arm-none-eabi/9.3.1/../../../../arm-none-eabi/lib/thumb/v7e-m+fp/hard\libc_nano.a(lib_a-stdio.o)
 .ARM.attributes
                0x0000000000000829       0x34 c:/st/stm32cubeide_1.8.0/stm32cubeide/plugins/com.st.stm32cube.ide.mcu.externaltools.gnu-tools-for-stm32.9-2020-q2-update.win32_2.0.0.202105311346/tools/bin/../lib/gcc/arm-none-eabi/9.3.1/../../../../arm-none-eabi/lib/thumb/v7e-m+fp/hard\libc_nano.a(lib_a-wbuf.o)
 .ARM.attributes
                0x000000000000085d       0x34 c:/st/stm32cubeide_1.8.0/stm32cubeide/plugins/com.st.stm32cube.ide.mcu.externaltools.gnu-tools-for-stm32.9-2020-q2-update.win32_2.0.0.202105311346/tools/bin/../lib/gcc/arm-none-eabi/9.3.1/../../../../arm-none-eabi/lib/thumb/v7e-m+fp/hard\libc_nano.a(lib_a-wsetup.o)
 .ARM.attributes
                0x0000000000000891       0x34 c:/st/stm32cubeide_1.8.0/stm32cubeide/plugins/com.st.stm32cube.ide.mcu.externaltools.gnu-tools-for-stm32.9-2020-q2-update.win32_2.0.0.202105311346/tools/bin/../lib/gcc/arm-none-eabi/9.3.1/../../../../arm-none-eabi/lib/thumb/v7e-m+fp/hard\libc_nano.a(lib_a-closer.o)
 .ARM.attributes
                0x00000000000008c5       0x34 c:/st/stm32cubeide_1.8.0/stm32cubeide/plugins/com.st.stm32cube.ide.mcu.externaltools.gnu-tools-for-stm32.9-2020-q2-update.win32_2.0.0.202105311346/tools/bin/../lib/gcc/arm-none-eabi/9.3.1/../../../../arm-none-eabi/lib/thumb/v7e-m+fp/hard\libc_nano.a(lib_a-fstatr.o)
 .ARM.attributes
                0x00000000000008f9       0x34 c:/st/stm32cubeide_1.8.0/stm32cubeide/plugins/com.st.stm32cube.ide.mcu.externaltools.gnu-tools-for-stm32.9-2020-q2-update.win32_2.0.0.202105311346/tools/bin/../lib/gcc/arm-none-eabi/9.3.1/../../../../arm-none-eabi/lib/thumb/v7e-m+fp/hard\libc_nano.a(lib_a-isattyr.o)
 .ARM.attributes
                0x000000000000092d       0x34 c:/st/stm32cubeide_1.8.0/stm32cubeide/plugins/com.st.stm32cube.ide.mcu.externaltools.gnu-tools-for-stm32.9-2020-q2-update.win32_2.0.0.202105311346/tools/bin/../lib/gcc/arm-none-eabi/9.3.1/../../../../arm-none-eabi/lib/thumb/v7e-m+fp/hard\libc_nano.a(lib_a-lseekr.o)
 .ARM.attributes
                0x0000000000000961       0x1c c:/st/stm32cubeide_1.8.0/stm32cubeide/plugins/com.st.stm32cube.ide.mcu.externaltools.gnu-tools-for-stm32.9-2020-q2-update.win32_2.0.0.202105311346/tools/bin/../lib/gcc/arm-none-eabi/9.3.1/../../../../arm-none-eabi/lib/thumb/v7e-m+fp/hard\libc_nano.a(lib_a-memchr.o)
 .ARM.attributes
                0x000000000000097d       0x34 c:/st/stm32cubeide_1.8.0/stm32cubeide/plugins/com.st.stm32cube.ide.mcu.externaltools.gnu-tools-for-stm32.9-2020-q2-update.win32_2.0.0.202105311346/tools/bin/../lib/gcc/arm-none-eabi/9.3.1/../../../../arm-none-eabi/lib/thumb/v7e-m+fp/hard\libc_nano.a(lib_a-mlock.o)
 .ARM.attributes
                0x00000000000009b1       0x34 c:/st/stm32cubeide_1.8.0/stm32cubeide/plugins/com.st.stm32cube.ide.mcu.externaltools.gnu-tools-for-stm32.9-2020-q2-update.win32_2.0.0.202105311346/tools/bin/../lib/gcc/arm-none-eabi/9.3.1/../../../../arm-none-eabi/lib/thumb/v7e-m+fp/hard\libc_nano.a(lib_a-readr.o)
 .ARM.attributes
                0x00000000000009e5       0x34 c:/st/stm32cubeide_1.8.0/stm32cubeide/plugins/com.st.stm32cube.ide.mcu.externaltools.gnu-tools-for-stm32.9-2020-q2-update.win32_2.0.0.202105311346/tools/bin/../lib/gcc/arm-none-eabi/9.3.1/../../../../arm-none-eabi/lib/thumb/v7e-m+fp/hard\libc_nano.a(lib_a-reent.o)
 .ARM.attributes
                0x0000000000000a19       0x1e c:/st/stm32cubeide_1.8.0/stm32cubeide/plugins/com.st.stm32cube.ide.mcu.externaltools.gnu-tools-for-stm32.9-2020-q2-update.win32_2.0.0.202105311346/tools/bin/../lib/gcc/arm-none-eabi/9.3.1/thumb/v7e-m+fp/hard\libgcc.a(_arm_addsubdf3.o)
 .ARM.attributes
                0x0000000000000a37       0x1e c:/st/stm32cubeide_1.8.0/stm32cubeide/plugins/com.st.stm32cube.ide.mcu.externaltools.gnu-tools-for-stm32.9-2020-q2-update.win32_2.0.0.202105311346/tools/bin/../lib/gcc/arm-none-eabi/9.3.1/thumb/v7e-m+fp/hard\libgcc.a(_arm_muldivdf3.o)
 .ARM.attributes
                0x0000000000000a55       0x1e c:/st/stm32cubeide_1.8.0/stm32cubeide/plugins/com.st.stm32cube.ide.mcu.externaltools.gnu-tools-for-stm32.9-2020-q2-update.win32_2.0.0.202105311346/tools/bin/../lib/gcc/arm-none-eabi/9.3.1/thumb/v7e-m+fp/hard\libgcc.a(_arm_fixunsdfsi.o)
 .ARM.attributes
                0x0000000000000a73       0x1e c:/st/stm32cubeide_1.8.0/stm32cubeide/plugins/com.st.stm32cube.ide.mcu.externaltools.gnu-tools-for-stm32.9-2020-q2-update.win32_2.0.0.202105311346/tools/bin/../lib/gcc/arm-none-eabi/9.3.1/thumb/v7e-m+fp/hard/crtn.o
OUTPUT(BaseProject.elf elf32-littlearm)
LOAD linker stubs
LOAD c:/st/stm32cubeide_1.8.0/stm32cubeide/plugins/com.st.stm32cube.ide.mcu.externaltools.gnu-tools-for-stm32.9-2020-q2-update.win32_2.0.0.202105311346/tools/bin/../lib/gcc/arm-none-eabi/9.3.1/../../../../arm-none-eabi/lib/thumb/v7e-m+fp/hard\libc.a
LOAD c:/st/stm32cubeide_1.8.0/stm32cubeide/plugins/com.st.stm32cube.ide.mcu.externaltools.gnu-tools-for-stm32.9-2020-q2-update.win32_2.0.0.202105311346/tools/bin/../lib/gcc/arm-none-eabi/9.3.1/../../../../arm-none-eabi/lib/thumb/v7e-m+fp/hard\libm.a
LOAD c:/st/stm32cubeide_1.8.0/stm32cubeide/plugins/com.st.stm32cube.ide.mcu.externaltools.gnu-tools-for-stm32.9-2020-q2-update.win32_2.0.0.202105311346/tools/bin/../lib/gcc/arm-none-eabi/9.3.1/thumb/v7e-m+fp/hard\libgcc.a

.debug_info     0x0000000000000000     0xd3ea
 .debug_info    0x0000000000000000      0x679 ./SPL/src/stm32f30x_gpio.o
 .debug_info    0x0000000000000679      0xb79 ./SPL/src/stm32f30x_rcc.o
 .debug_info    0x00000000000011f2      0xfb2 ./SPL/src/stm32f30x_usart.o
 .debug_info    0x00000000000021a4     0x1415 ./Src/30010_io.o
 .debug_info    0x00000000000035b9      0xd28 ./Src/Joystick.o
 .debug_info    0x00000000000042e1      0xc33 ./Src/LED.o
 .debug_info    0x0000000000004f14      0xe75 ./Src/Window.o
 .debug_info    0x0000000000005d89      0xb8a ./Src/ansi.o
 .debug_info    0x0000000000006913      0xf46 ./Src/asteroid.o
 .debug_info    0x0000000000007859     0x1523 ./Src/buzzer.o
 .debug_info    0x0000000000008d7c      0xd14 ./Src/main.o
 .debug_info    0x0000000000009a90      0x1b6 ./Src/screen.o
 .debug_info    0x0000000000009c46      0x43b ./Src/ship.o
 .debug_info    0x000000000000a081      0xfb4 ./Src/syscalls.o
 .debug_info    0x000000000000b035      0x9b5 ./Src/sysmem.o
 .debug_info    0x000000000000b9ea      0x4ad ./Src/system_stm32f30x.o
 .debug_info    0x000000000000be97     0x1531 ./Src/timer.o
 .debug_info    0x000000000000d3c8       0x22 ./Startup/startup_stm32f302r8tx.o

.debug_abbrev   0x0000000000000000     0x249a
 .debug_abbrev  0x0000000000000000      0x1d8 ./SPL/src/stm32f30x_gpio.o
 .debug_abbrev  0x00000000000001d8      0x229 ./SPL/src/stm32f30x_rcc.o
 .debug_abbrev  0x0000000000000401      0x1ab ./SPL/src/stm32f30x_usart.o
 .debug_abbrev  0x00000000000005ac      0x375 ./Src/30010_io.o
 .debug_abbrev  0x0000000000000921      0x215 ./Src/Joystick.o
 .debug_abbrev  0x0000000000000b36      0x1ea ./Src/LED.o
 .debug_abbrev  0x0000000000000d20      0x253 ./Src/Window.o
 .debug_abbrev  0x0000000000000f73      0x231 ./Src/ansi.o
 .debug_abbrev  0x00000000000011a4      0x2a1 ./Src/asteroid.o
 .debug_abbrev  0x0000000000001445      0x360 ./Src/buzzer.o
 .debug_abbrev  0x00000000000017a5      0x22c ./Src/main.o
 .debug_abbrev  0x00000000000019d1       0xc5 ./Src/screen.o
 .debug_abbrev  0x0000000000001a96      0x105 ./Src/ship.o
 .debug_abbrev  0x0000000000001b9b      0x297 ./Src/syscalls.o
 .debug_abbrev  0x0000000000001e32      0x1e3 ./Src/sysmem.o
 .debug_abbrev  0x0000000000002015      0x154 ./Src/system_stm32f30x.o
 .debug_abbrev  0x0000000000002169      0x31f ./Src/timer.o
 .debug_abbrev  0x0000000000002488       0x12 ./Startup/startup_stm32f302r8tx.o

.debug_aranges  0x0000000000000000      0x788
 .debug_aranges
                0x0000000000000000       0x80 ./SPL/src/stm32f30x_gpio.o
 .debug_aranges
                0x0000000000000080      0x150 ./SPL/src/stm32f30x_rcc.o
 .debug_aranges
                0x00000000000001d0      0x1a0 ./SPL/src/stm32f30x_usart.o
 .debug_aranges
                0x0000000000000370       0x78 ./Src/30010_io.o
 .debug_aranges
                0x00000000000003e8       0x28 ./Src/Joystick.o
 .debug_aranges
                0x0000000000000410       0x28 ./Src/LED.o
 .debug_aranges
                0x0000000000000438       0x30 ./Src/Window.o
 .debug_aranges
                0x0000000000000468       0x68 ./Src/ansi.o
 .debug_aranges
                0x00000000000004d0       0x80 ./Src/asteroid.o
 .debug_aranges
                0x0000000000000550       0x58 ./Src/buzzer.o
 .debug_aranges
                0x00000000000005a8       0x20 ./Src/main.o
 .debug_aranges
                0x00000000000005c8       0x20 ./Src/screen.o
 .debug_aranges
                0x00000000000005e8       0x30 ./Src/ship.o
 .debug_aranges
                0x0000000000000618       0xa8 ./Src/syscalls.o
 .debug_aranges
                0x00000000000006c0       0x20 ./Src/sysmem.o
 .debug_aranges
                0x00000000000006e0       0x30 ./Src/system_stm32f30x.o
 .debug_aranges
                0x0000000000000710       0x50 ./Src/timer.o
 .debug_aranges
                0x0000000000000760       0x28 ./Startup/startup_stm32f302r8tx.o

.debug_ranges   0x0000000000000000      0x670
 .debug_ranges  0x0000000000000000       0x70 ./SPL/src/stm32f30x_gpio.o
 .debug_ranges  0x0000000000000070      0x140 ./SPL/src/stm32f30x_rcc.o
 .debug_ranges  0x00000000000001b0      0x190 ./SPL/src/stm32f30x_usart.o
 .debug_ranges  0x0000000000000340       0x68 ./Src/30010_io.o
 .debug_ranges  0x00000000000003a8       0x18 ./Src/Joystick.o
 .debug_ranges  0x00000000000003c0       0x18 ./Src/LED.o
 .debug_ranges  0x00000000000003d8       0x20 ./Src/Window.o
 .debug_ranges  0x00000000000003f8       0x58 ./Src/ansi.o
 .debug_ranges  0x0000000000000450       0x70 ./Src/asteroid.o
 .debug_ranges  0x00000000000004c0       0x48 ./Src/buzzer.o
 .debug_ranges  0x0000000000000508       0x10 ./Src/main.o
 .debug_ranges  0x0000000000000518       0x10 ./Src/screen.o
 .debug_ranges  0x0000000000000528       0x20 ./Src/ship.o
 .debug_ranges  0x0000000000000548       0x98 ./Src/syscalls.o
 .debug_ranges  0x00000000000005e0       0x10 ./Src/sysmem.o
 .debug_ranges  0x00000000000005f0       0x20 ./Src/system_stm32f30x.o
 .debug_ranges  0x0000000000000610       0x40 ./Src/timer.o
 .debug_ranges  0x0000000000000650       0x20 ./Startup/startup_stm32f302r8tx.o

.debug_macro    0x0000000000000000     0x4808
 .debug_macro   0x0000000000000000      0x19b ./SPL/src/stm32f30x_gpio.o
 .debug_macro   0x000000000000019b      0x1b0 ./SPL/src/stm32f30x_gpio.o
 .debug_macro   0x000000000000034b      0x238 ./SPL/src/stm32f30x_rcc.o
 .debug_macro   0x0000000000000583      0x5c0 ./SPL/src/stm32f30x_rcc.o
 .debug_macro   0x0000000000000b43      0x1b3 ./SPL/src/stm32f30x_usart.o
 .debug_macro   0x0000000000000cf6      0x35e ./SPL/src/stm32f30x_usart.o
 .debug_macro   0x0000000000001054      0x305 ./Src/30010_io.o
 .debug_macro   0x0000000000001359       0x52 ./Src/30010_io.o
 .debug_macro   0x00000000000013ab       0x18 ./Src/30010_io.o
 .debug_macro   0x00000000000013c3       0x3c ./Src/30010_io.o
 .debug_macro   0x00000000000013ff       0x34 ./Src/30010_io.o
 .debug_macro   0x0000000000001433       0x16 ./Src/30010_io.o
 .debug_macro   0x0000000000001449       0x97 ./Src/30010_io.o
 .debug_macro   0x00000000000014e0      0x339 ./Src/30010_io.o
 .debug_macro   0x0000000000001819       0xfd ./Src/30010_io.o
 .debug_macro   0x0000000000001916       0x10 ./Src/30010_io.o
 .debug_macro   0x0000000000001926       0x16 ./Src/30010_io.o
 .debug_macro   0x000000000000193c       0x43 ./Src/30010_io.o
 .debug_macro   0x000000000000197f       0x34 ./Src/30010_io.o
 .debug_macro   0x00000000000019b3       0x10 ./Src/30010_io.o
 .debug_macro   0x00000000000019c3       0x58 ./Src/30010_io.o
 .debug_macro   0x0000000000001a1b       0x71 ./Src/30010_io.o
 .debug_macro   0x0000000000001a8c       0x1c ./Src/30010_io.o
 .debug_macro   0x0000000000001aa8      0x12a ./Src/30010_io.o
 .debug_macro   0x0000000000001bd2       0x10 ./Src/30010_io.o
 .debug_macro   0x0000000000001be2       0x1c ./Src/30010_io.o
 .debug_macro   0x0000000000001bfe       0x52 ./Src/30010_io.o
 .debug_macro   0x0000000000001c50       0x22 ./Src/30010_io.o
 .debug_macro   0x0000000000001c72       0x10 ./Src/30010_io.o
 .debug_macro   0x0000000000001c82       0x40 ./Src/30010_io.o
 .debug_macro   0x0000000000001cc2       0xd5 ./Src/30010_io.o
 .debug_macro   0x0000000000001d97       0x1c ./Src/30010_io.o
 .debug_macro   0x0000000000001db3       0x3d ./Src/30010_io.o
 .debug_macro   0x0000000000001df0       0x16 ./Src/30010_io.o
 .debug_macro   0x0000000000001e06      0x145 ./Src/30010_io.o
 .debug_macro   0x0000000000001f4b      0x324 ./Src/Joystick.o
 .debug_macro   0x000000000000226f       0x10 ./Src/Joystick.o
 .debug_macro   0x000000000000227f       0x10 ./Src/Joystick.o
 .debug_macro   0x000000000000228f       0x16 ./Src/Joystick.o
 .debug_macro   0x00000000000022a5      0x30c ./Src/LED.o
 .debug_macro   0x00000000000025b1      0x1de ./Src/Window.o
 .debug_macro   0x000000000000278f      0x1de ./Src/ansi.o
 .debug_macro   0x000000000000296d      0x325 ./Src/asteroid.o
 .debug_macro   0x0000000000002c92       0x4c ./Src/asteroid.o
 .debug_macro   0x0000000000002cde       0x94 ./Src/asteroid.o
 .debug_macro   0x0000000000002d72       0x57 ./Src/asteroid.o
 .debug_macro   0x0000000000002dc9       0x16 ./Src/asteroid.o
 .debug_macro   0x0000000000002ddf       0x16 ./Src/asteroid.o
 .debug_macro   0x0000000000002df5      0x323 ./Src/buzzer.o
 .debug_macro   0x0000000000003118      0x35a ./Src/main.o
 .debug_macro   0x0000000000003472       0x11 ./Src/screen.o
 .debug_macro   0x0000000000003483       0x11 ./Src/ship.o
 .debug_macro   0x0000000000003494      0x24c ./Src/syscalls.o
 .debug_macro   0x00000000000036e0      0x174 ./Src/syscalls.o
 .debug_macro   0x0000000000003854       0x10 ./Src/syscalls.o
 .debug_macro   0x0000000000003864       0x35 ./Src/syscalls.o
 .debug_macro   0x0000000000003899       0x10 ./Src/syscalls.o
 .debug_macro   0x00000000000038a9       0x10 ./Src/syscalls.o
 .debug_macro   0x00000000000038b9       0x35 ./Src/syscalls.o
 .debug_macro   0x00000000000038ee      0x12c ./Src/syscalls.o
 .debug_macro   0x0000000000003a1a       0x16 ./Src/syscalls.o
 .debug_macro   0x0000000000003a30       0x16 ./Src/syscalls.o
 .debug_macro   0x0000000000003a46       0x29 ./Src/syscalls.o
 .debug_macro   0x0000000000003a6f       0x10 ./Src/syscalls.o
 .debug_macro   0x0000000000003a7f      0x241 ./Src/syscalls.o
 .debug_macro   0x0000000000003cc0       0x1c ./Src/syscalls.o
 .debug_macro   0x0000000000003cdc       0x10 ./Src/syscalls.o
 .debug_macro   0x0000000000003cec      0x189 ./Src/syscalls.o
 .debug_macro   0x0000000000003e75       0x16 ./Src/syscalls.o
 .debug_macro   0x0000000000003e8b       0xce ./Src/syscalls.o
 .debug_macro   0x0000000000003f59      0x1b1 ./Src/sysmem.o
 .debug_macro   0x000000000000410a      0x23b ./Src/sysmem.o
 .debug_macro   0x0000000000004345      0x197 ./Src/system_stm32f30x.o
 .debug_macro   0x00000000000044dc      0x32c ./Src/timer.o

.debug_line     0x0000000000000000     0x9851
 .debug_line    0x0000000000000000      0x903 ./SPL/src/stm32f30x_gpio.o
 .debug_line    0x0000000000000903      0xe63 ./SPL/src/stm32f30x_rcc.o
 .debug_line    0x0000000000001766      0xdb1 ./SPL/src/stm32f30x_usart.o
 .debug_line    0x0000000000002517      0xbe0 ./Src/30010_io.o
 .debug_line    0x00000000000030f7      0x913 ./Src/Joystick.o
 .debug_line    0x0000000000003a0a      0x8c4 ./Src/LED.o
 .debug_line    0x00000000000042ce      0x7e6 ./Src/Window.o
 .debug_line    0x0000000000004ab4      0x6ce ./Src/ansi.o
 .debug_line    0x0000000000005182      0xd00 ./Src/asteroid.o
 .debug_line    0x0000000000005e82      0xc0c ./Src/buzzer.o
 .debug_line    0x0000000000006a8e      0x8e2 ./Src/main.o
 .debug_line    0x0000000000007370      0x168 ./Src/screen.o
 .debug_line    0x00000000000074d8      0x25c ./Src/ship.o
 .debug_line    0x0000000000007734      0x7fd ./Src/syscalls.o
 .debug_line    0x0000000000007f31      0x585 ./Src/sysmem.o
 .debug_line    0x00000000000084b6      0x76b ./Src/system_stm32f30x.o
 .debug_line    0x0000000000008c21      0xbac ./Src/timer.o
 .debug_line    0x00000000000097cd       0x84 ./Startup/startup_stm32f302r8tx.o

.debug_str      0x0000000000000000    0x5a6c8
 .debug_str     0x0000000000000000    0x52da0 ./SPL/src/stm32f30x_gpio.o
                                      0x52f5b (size before relaxing)
 .debug_str     0x0000000000052da0      0xa74 ./SPL/src/stm32f30x_rcc.o
                                      0x5370f (size before relaxing)
 .debug_str     0x0000000000053814      0x803 ./SPL/src/stm32f30x_usart.o
                                      0x535e3 (size before relaxing)
 .debug_str     0x0000000000054017     0x48b8 ./Src/30010_io.o
                                      0x57861 (size before relaxing)
 .debug_str     0x00000000000588cf      0x129 ./Src/Joystick.o
                                      0x57232 (size before relaxing)
 .debug_str     0x00000000000589f8       0x1e ./Src/LED.o
                                      0x571ce (size before relaxing)
 .debug_str     0x0000000000058a16       0x50 ./Src/Window.o
                                       0x822c (size before relaxing)
 .debug_str     0x0000000000058a66       0x68 ./Src/ansi.o
                                       0x8258 (size before relaxing)
 .debug_str     0x0000000000058ace      0x162 ./Src/asteroid.o
                                      0x572b2 (size before relaxing)
 .debug_str     0x0000000000058c30      0x144 ./Src/buzzer.o
                                      0x57837 (size before relaxing)
 .debug_str     0x0000000000058d74       0x57 ./Src/main.o
                                      0x572a6 (size before relaxing)
 .debug_str     0x0000000000058dcb       0x3e ./Src/screen.o
                                       0x2e2a (size before relaxing)
 .debug_str     0x0000000000058e09        0xe ./Src/ship.o
                                       0x2e35 (size before relaxing)
 .debug_str     0x0000000000058e17     0x175c ./Src/syscalls.o
                                       0x8efc (size before relaxing)
 .debug_str     0x000000000005a573       0x31 ./Src/sysmem.o
                                       0x7bd2 (size before relaxing)
 .debug_str     0x000000000005a5a4       0x7f ./Src/system_stm32f30x.o
                                      0x52d91 (size before relaxing)
 .debug_str     0x000000000005a623       0x74 ./Src/timer.o
                                      0x57817 (size before relaxing)
 .debug_str     0x000000000005a697       0x31 ./Startup/startup_stm32f302r8tx.o
                                         0x6c (size before relaxing)

.comment        0x0000000000000000       0x53
 .comment       0x0000000000000000       0x53 ./SPL/src/stm32f30x_gpio.o
                                         0x54 (size before relaxing)
 .comment       0x0000000000000053       0x54 ./SPL/src/stm32f30x_rcc.o
 .comment       0x0000000000000053       0x54 ./SPL/src/stm32f30x_usart.o
 .comment       0x0000000000000053       0x54 ./Src/30010_io.o
 .comment       0x0000000000000053       0x54 ./Src/Joystick.o
 .comment       0x0000000000000053       0x54 ./Src/LED.o
 .comment       0x0000000000000053       0x54 ./Src/Window.o
 .comment       0x0000000000000053       0x54 ./Src/ansi.o
 .comment       0x0000000000000053       0x54 ./Src/asteroid.o
 .comment       0x0000000000000053       0x54 ./Src/buzzer.o
 .comment       0x0000000000000053       0x54 ./Src/main.o
 .comment       0x0000000000000053       0x54 ./Src/screen.o
 .comment       0x0000000000000053       0x54 ./Src/ship.o
 .comment       0x0000000000000053       0x54 ./Src/syscalls.o
 .comment       0x0000000000000053       0x54 ./Src/sysmem.o
 .comment       0x0000000000000053       0x54 ./Src/system_stm32f30x.o
 .comment       0x0000000000000053       0x54 ./Src/timer.o

.debug_frame    0x0000000000000000     0x2644
 .debug_frame   0x0000000000000000      0x214 ./SPL/src/stm32f30x_gpio.o
 .debug_frame   0x0000000000000214      0x60c ./SPL/src/stm32f30x_rcc.o
 .debug_frame   0x0000000000000820      0x7b0 ./SPL/src/stm32f30x_usart.o
 .debug_frame   0x0000000000000fd0      0x1b4 ./Src/30010_io.o
 .debug_frame   0x0000000000001184       0x58 ./Src/Joystick.o
 .debug_frame   0x00000000000011dc       0x50 ./Src/LED.o
 .debug_frame   0x000000000000122c       0x80 ./Src/Window.o
 .debug_frame   0x00000000000012ac      0x160 ./Src/ansi.o
 .debug_frame   0x000000000000140c      0x1c0 ./Src/asteroid.o
 .debug_frame   0x00000000000015cc      0x124 ./Src/buzzer.o
 .debug_frame   0x00000000000016f0       0x30 ./Src/main.o
 .debug_frame   0x0000000000001720       0x38 ./Src/screen.o
 .debug_frame   0x0000000000001758       0x80 ./Src/ship.o
 .debug_frame   0x00000000000017d8      0x2ac ./Src/syscalls.o
 .debug_frame   0x0000000000001a84       0x34 ./Src/sysmem.o
 .debug_frame   0x0000000000001ab8       0x74 ./Src/system_stm32f30x.o
 .debug_frame   0x0000000000001b2c      0x104 ./Src/timer.o
 .debug_frame   0x0000000000001c30       0x20 c:/st/stm32cubeide_1.8.0/stm32cubeide/plugins/com.st.stm32cube.ide.mcu.externaltools.gnu-tools-for-stm32.9-2020-q2-update.win32_2.0.0.202105311346/tools/bin/../lib/gcc/arm-none-eabi/9.3.1/../../../../arm-none-eabi/lib/thumb/v7e-m+fp/hard\libc_nano.a(lib_a-errno.o)
 .debug_frame   0x0000000000001c50       0x2c c:/st/stm32cubeide_1.8.0/stm32cubeide/plugins/com.st.stm32cube.ide.mcu.externaltools.gnu-tools-for-stm32.9-2020-q2-update.win32_2.0.0.202105311346/tools/bin/../lib/gcc/arm-none-eabi/9.3.1/../../../../arm-none-eabi/lib/thumb/v7e-m+fp/hard\libc_nano.a(lib_a-init.o)
 .debug_frame   0x0000000000001c7c       0x20 c:/st/stm32cubeide_1.8.0/stm32cubeide/plugins/com.st.stm32cube.ide.mcu.externaltools.gnu-tools-for-stm32.9-2020-q2-update.win32_2.0.0.202105311346/tools/bin/../lib/gcc/arm-none-eabi/9.3.1/../../../../arm-none-eabi/lib/thumb/v7e-m+fp/hard\libc_nano.a(lib_a-memset.o)
 .debug_frame   0x0000000000001c9c       0x74 c:/st/stm32cubeide_1.8.0/stm32cubeide/plugins/com.st.stm32cube.ide.mcu.externaltools.gnu-tools-for-stm32.9-2020-q2-update.win32_2.0.0.202105311346/tools/bin/../lib/gcc/arm-none-eabi/9.3.1/../../../../arm-none-eabi/lib/thumb/v7e-m+fp/hard\libc_nano.a(lib_a-printf.o)
 .debug_frame   0x0000000000001d10       0x50 c:/st/stm32cubeide_1.8.0/stm32cubeide/plugins/com.st.stm32cube.ide.mcu.externaltools.gnu-tools-for-stm32.9-2020-q2-update.win32_2.0.0.202105311346/tools/bin/../lib/gcc/arm-none-eabi/9.3.1/../../../../arm-none-eabi/lib/thumb/v7e-m+fp/hard\libc_nano.a(lib_a-putchar.o)
 .debug_frame   0x0000000000001d60       0x20 c:/st/stm32cubeide_1.8.0/stm32cubeide/plugins/com.st.stm32cube.ide.mcu.externaltools.gnu-tools-for-stm32.9-2020-q2-update.win32_2.0.0.202105311346/tools/bin/../lib/gcc/arm-none-eabi/9.3.1/../../../../arm-none-eabi/lib/thumb/v7e-m+fp/hard\libc_nano.a(lib_a-setbuf.o)
 .debug_frame   0x0000000000001d80       0x38 c:/st/stm32cubeide_1.8.0/stm32cubeide/plugins/com.st.stm32cube.ide.mcu.externaltools.gnu-tools-for-stm32.9-2020-q2-update.win32_2.0.0.202105311346/tools/bin/../lib/gcc/arm-none-eabi/9.3.1/../../../../arm-none-eabi/lib/thumb/v7e-m+fp/hard\libc_nano.a(lib_a-setvbuf.o)
 .debug_frame   0x0000000000001db8       0x5c c:/st/stm32cubeide_1.8.0/stm32cubeide/plugins/com.st.stm32cube.ide.mcu.externaltools.gnu-tools-for-stm32.9-2020-q2-update.win32_2.0.0.202105311346/tools/bin/../lib/gcc/arm-none-eabi/9.3.1/../../../../arm-none-eabi/lib/thumb/v7e-m+fp/hard\libc_nano.a(lib_a-fflush.o)
 .debug_frame   0x0000000000001e14      0x14c c:/st/stm32cubeide_1.8.0/stm32cubeide/plugins/com.st.stm32cube.ide.mcu.externaltools.gnu-tools-for-stm32.9-2020-q2-update.win32_2.0.0.202105311346/tools/bin/../lib/gcc/arm-none-eabi/9.3.1/../../../../arm-none-eabi/lib/thumb/v7e-m+fp/hard\libc_nano.a(lib_a-findfp.o)
 .debug_frame   0x0000000000001f60       0x54 c:/st/stm32cubeide_1.8.0/stm32cubeide/plugins/com.st.stm32cube.ide.mcu.externaltools.gnu-tools-for-stm32.9-2020-q2-update.win32_2.0.0.202105311346/tools/bin/../lib/gcc/arm-none-eabi/9.3.1/../../../../arm-none-eabi/lib/thumb/v7e-m+fp/hard\libc_nano.a(lib_a-fwalk.o)
 .debug_frame   0x0000000000001fb4       0xb0 c:/st/stm32cubeide_1.8.0/stm32cubeide/plugins/com.st.stm32cube.ide.mcu.externaltools.gnu-tools-for-stm32.9-2020-q2-update.win32_2.0.0.202105311346/tools/bin/../lib/gcc/arm-none-eabi/9.3.1/../../../../arm-none-eabi/lib/thumb/v7e-m+fp/hard\libc_nano.a(lib_a-lock.o)
 .debug_frame   0x0000000000002064       0x58 c:/st/stm32cubeide_1.8.0/stm32cubeide/plugins/com.st.stm32cube.ide.mcu.externaltools.gnu-tools-for-stm32.9-2020-q2-update.win32_2.0.0.202105311346/tools/bin/../lib/gcc/arm-none-eabi/9.3.1/../../../../arm-none-eabi/lib/thumb/v7e-m+fp/hard\libc_nano.a(lib_a-makebuf.o)
 .debug_frame   0x00000000000020bc       0x30 c:/st/stm32cubeide_1.8.0/stm32cubeide/plugins/com.st.stm32cube.ide.mcu.externaltools.gnu-tools-for-stm32.9-2020-q2-update.win32_2.0.0.202105311346/tools/bin/../lib/gcc/arm-none-eabi/9.3.1/../../../../arm-none-eabi/lib/thumb/v7e-m+fp/hard\libc_nano.a(lib_a-malloc.o)
 .debug_frame   0x00000000000020ec       0x38 c:/st/stm32cubeide_1.8.0/stm32cubeide/plugins/com.st.stm32cube.ide.mcu.externaltools.gnu-tools-for-stm32.9-2020-q2-update.win32_2.0.0.202105311346/tools/bin/../lib/gcc/arm-none-eabi/9.3.1/../../../../arm-none-eabi/lib/thumb/v7e-m+fp/hard\libc_nano.a(lib_a-nano-freer.o)
 .debug_frame   0x0000000000002124       0x30 c:/st/stm32cubeide_1.8.0/stm32cubeide/plugins/com.st.stm32cube.ide.mcu.externaltools.gnu-tools-for-stm32.9-2020-q2-update.win32_2.0.0.202105311346/tools/bin/../lib/gcc/arm-none-eabi/9.3.1/../../../../arm-none-eabi/lib/thumb/v7e-m+fp/hard\libc_nano.a(lib_a-nano-mallocr.o)
 .debug_frame   0x0000000000002154       0xac c:/st/stm32cubeide_1.8.0/stm32cubeide/plugins/com.st.stm32cube.ide.mcu.externaltools.gnu-tools-for-stm32.9-2020-q2-update.win32_2.0.0.202105311346/tools/bin/../lib/gcc/arm-none-eabi/9.3.1/../../../../arm-none-eabi/lib/thumb/v7e-m+fp/hard\libc_nano.a(lib_a-nano-vfprintf.o)
 .debug_frame   0x0000000000002200       0x60 c:/st/stm32cubeide_1.8.0/stm32cubeide/plugins/com.st.stm32cube.ide.mcu.externaltools.gnu-tools-for-stm32.9-2020-q2-update.win32_2.0.0.202105311346/tools/bin/../lib/gcc/arm-none-eabi/9.3.1/../../../../arm-none-eabi/lib/thumb/v7e-m+fp/hard\libc_nano.a(lib_a-nano-vfprintf_i.o)
 .debug_frame   0x0000000000002260       0x3c c:/st/stm32cubeide_1.8.0/stm32cubeide/plugins/com.st.stm32cube.ide.mcu.externaltools.gnu-tools-for-stm32.9-2020-q2-update.win32_2.0.0.202105311346/tools/bin/../lib/gcc/arm-none-eabi/9.3.1/../../../../arm-none-eabi/lib/thumb/v7e-m+fp/hard\libc_nano.a(lib_a-putc.o)
 .debug_frame   0x000000000000229c       0x2c c:/st/stm32cubeide_1.8.0/stm32cubeide/plugins/com.st.stm32cube.ide.mcu.externaltools.gnu-tools-for-stm32.9-2020-q2-update.win32_2.0.0.202105311346/tools/bin/../lib/gcc/arm-none-eabi/9.3.1/../../../../arm-none-eabi/lib/thumb/v7e-m+fp/hard\libc_nano.a(lib_a-sbrkr.o)
 .debug_frame   0x00000000000022c8       0x88 c:/st/stm32cubeide_1.8.0/stm32cubeide/plugins/com.st.stm32cube.ide.mcu.externaltools.gnu-tools-for-stm32.9-2020-q2-update.win32_2.0.0.202105311346/tools/bin/../lib/gcc/arm-none-eabi/9.3.1/../../../../arm-none-eabi/lib/thumb/v7e-m+fp/hard\libc_nano.a(lib_a-stdio.o)
 .debug_frame   0x0000000000002350       0x40 c:/st/stm32cubeide_1.8.0/stm32cubeide/plugins/com.st.stm32cube.ide.mcu.externaltools.gnu-tools-for-stm32.9-2020-q2-update.win32_2.0.0.202105311346/tools/bin/../lib/gcc/arm-none-eabi/9.3.1/../../../../arm-none-eabi/lib/thumb/v7e-m+fp/hard\libc_nano.a(lib_a-wbuf.o)
 .debug_frame   0x0000000000002390       0x2c c:/st/stm32cubeide_1.8.0/stm32cubeide/plugins/com.st.stm32cube.ide.mcu.externaltools.gnu-tools-for-stm32.9-2020-q2-update.win32_2.0.0.202105311346/tools/bin/../lib/gcc/arm-none-eabi/9.3.1/../../../../arm-none-eabi/lib/thumb/v7e-m+fp/hard\libc_nano.a(lib_a-wsetup.o)
 .debug_frame   0x00000000000023bc       0x2c c:/st/stm32cubeide_1.8.0/stm32cubeide/plugins/com.st.stm32cube.ide.mcu.externaltools.gnu-tools-for-stm32.9-2020-q2-update.win32_2.0.0.202105311346/tools/bin/../lib/gcc/arm-none-eabi/9.3.1/../../../../arm-none-eabi/lib/thumb/v7e-m+fp/hard\libc_nano.a(lib_a-closer.o)
 .debug_frame   0x00000000000023e8       0x2c c:/st/stm32cubeide_1.8.0/stm32cubeide/plugins/com.st.stm32cube.ide.mcu.externaltools.gnu-tools-for-stm32.9-2020-q2-update.win32_2.0.0.202105311346/tools/bin/../lib/gcc/arm-none-eabi/9.3.1/../../../../arm-none-eabi/lib/thumb/v7e-m+fp/hard\libc_nano.a(lib_a-fstatr.o)
 .debug_frame   0x0000000000002414       0x2c c:/st/stm32cubeide_1.8.0/stm32cubeide/plugins/com.st.stm32cube.ide.mcu.externaltools.gnu-tools-for-stm32.9-2020-q2-update.win32_2.0.0.202105311346/tools/bin/../lib/gcc/arm-none-eabi/9.3.1/../../../../arm-none-eabi/lib/thumb/v7e-m+fp/hard\libc_nano.a(lib_a-isattyr.o)
 .debug_frame   0x0000000000002440       0x2c c:/st/stm32cubeide_1.8.0/stm32cubeide/plugins/com.st.stm32cube.ide.mcu.externaltools.gnu-tools-for-stm32.9-2020-q2-update.win32_2.0.0.202105311346/tools/bin/../lib/gcc/arm-none-eabi/9.3.1/../../../../arm-none-eabi/lib/thumb/v7e-m+fp/hard\libc_nano.a(lib_a-lseekr.o)
 .debug_frame   0x000000000000246c       0x30 c:/st/stm32cubeide_1.8.0/stm32cubeide/plugins/com.st.stm32cube.ide.mcu.externaltools.gnu-tools-for-stm32.9-2020-q2-update.win32_2.0.0.202105311346/tools/bin/../lib/gcc/arm-none-eabi/9.3.1/../../../../arm-none-eabi/lib/thumb/v7e-m+fp/hard\libc_nano.a(lib_a-mlock.o)
 .debug_frame   0x000000000000249c       0x2c c:/st/stm32cubeide_1.8.0/stm32cubeide/plugins/com.st.stm32cube.ide.mcu.externaltools.gnu-tools-for-stm32.9-2020-q2-update.win32_2.0.0.202105311346/tools/bin/../lib/gcc/arm-none-eabi/9.3.1/../../../../arm-none-eabi/lib/thumb/v7e-m+fp/hard\libc_nano.a(lib_a-readr.o)
 .debug_frame   0x00000000000024c8       0x5c c:/st/stm32cubeide_1.8.0/stm32cubeide/plugins/com.st.stm32cube.ide.mcu.externaltools.gnu-tools-for-stm32.9-2020-q2-update.win32_2.0.0.202105311346/tools/bin/../lib/gcc/arm-none-eabi/9.3.1/../../../../arm-none-eabi/lib/thumb/v7e-m+fp/hard\libc_nano.a(lib_a-reent.o)
 .debug_frame   0x0000000000002524       0xac c:/st/stm32cubeide_1.8.0/stm32cubeide/plugins/com.st.stm32cube.ide.mcu.externaltools.gnu-tools-for-stm32.9-2020-q2-update.win32_2.0.0.202105311346/tools/bin/../lib/gcc/arm-none-eabi/9.3.1/thumb/v7e-m+fp/hard\libgcc.a(_arm_addsubdf3.o)
 .debug_frame   0x00000000000025d0       0x50 c:/st/stm32cubeide_1.8.0/stm32cubeide/plugins/com.st.stm32cube.ide.mcu.externaltools.gnu-tools-for-stm32.9-2020-q2-update.win32_2.0.0.202105311346/tools/bin/../lib/gcc/arm-none-eabi/9.3.1/thumb/v7e-m+fp/hard\libgcc.a(_arm_muldivdf3.o)
 .debug_frame   0x0000000000002620       0x24 c:/st/stm32cubeide_1.8.0/stm32cubeide/plugins/com.st.stm32cube.ide.mcu.externaltools.gnu-tools-for-stm32.9-2020-q2-update.win32_2.0.0.202105311346/tools/bin/../lib/gcc/arm-none-eabi/9.3.1/thumb/v7e-m+fp/hard\libgcc.a(_arm_fixunsdfsi.o)