ansi.c:3:6:fgcolor	24	static
ansi.c:23:6:bgcolor	16	static
ansi.c:45:6:color	32	static
ansi.c:55:6:resetbgcolor	8	static
ansi.c:60:6:clrscr	8	static
ansi.c:65:6:clreol	8	static
ansi.c:69:6:gotoxy	16	static
ansi.c:73:6:underline	16	static
ansi.c:83:6:blink	16	static
ansi.c:95:6:window	112	static
ansi.c:171:6:printFix	16	static
ansi.c:181:9:expand	16	static
ansi.c:186:9:sinus	16	static
ansi.c:196:9:cosinus	16	static
ansi.c:207:9:printSin	16	static
ansi.c:214:9:printCos	16	static
ansi.c:221:6:initVector	16	static
ansi.c:226:6:rotateVector	32	static
ansi.c:238:6:printVec	24	static
