ansi.c:3:6:fgcolor	24	static
ansi.c:23:6:bgcolor	16	static
ansi.c:45:6:color	32	static
ansi.c:55:6:resetbgcolor	8	static
ansi.c:60:6:clrscr	8	static
ansi.c:68:6:clreol	8	static
ansi.c:72:6:gotoxy	16	static
ansi.c:76:6:underline	16	static
ansi.c:86:6:blink	16	static
ansi.c:98:6:window	72	static
ansi.c:161:6:windowSmp	72	static
ansi.c:200:6:windowBall	88	static
ansi.c:275:6:printFix	16	static
ansi.c:285:9:expand	16	static
ansi.c:290:9:sinus	16	static
ansi.c:299:9:cosinus	16	static
ansi.c:309:9:printSin	16	static
ansi.c:315:9:printCos	16	static
ansi.c:321:6:initVector	16	static
ansi.c:326:6:rotateVector	32	static
ansi.c:338:6:printVec	24	static
